Component: ARM Compiler 5.06 update 7 (build 960) Tool: armlink [4d3601]

==============================================================================

Section Cross References

    startup_stm32f407xx.o(RESET) refers to startup_stm32f407xx.o(STACK) for __initial_sp
    startup_stm32f407xx.o(RESET) refers to startup_stm32f407xx.o(.text) for Reset_Handler
    startup_stm32f407xx.o(RESET) refers to stm32f4xx_it.o(i.NMI_Handler) for NMI_Handler
    startup_stm32f407xx.o(RESET) refers to stm32f4xx_it.o(i.HardFault_Handler) for HardFault_Handler
    startup_stm32f407xx.o(RESET) refers to stm32f4xx_it.o(i.MemManage_Handler) for MemManage_Handler
    startup_stm32f407xx.o(RESET) refers to stm32f4xx_it.o(i.BusFault_Handler) for BusFault_Handler
    startup_stm32f407xx.o(RESET) refers to stm32f4xx_it.o(i.UsageFault_Handler) for UsageFault_Handler
    startup_stm32f407xx.o(RESET) refers to port.o(.emb_text) for SVC_Handler
    startup_stm32f407xx.o(RESET) refers to stm32f4xx_it.o(i.DebugMon_Handler) for DebugMon_Handler
    startup_stm32f407xx.o(RESET) refers to cmsis_os2.o(i.SysTick_Handler) for SysTick_Handler
    startup_stm32f407xx.o(RESET) refers to stm32f4xx_it.o(i.DMA1_Stream0_IRQHandler) for DMA1_Stream0_IRQHandler
    startup_stm32f407xx.o(RESET) refers to stm32f4xx_it.o(i.CAN1_TX_IRQHandler) for CAN1_TX_IRQHandler
    startup_stm32f407xx.o(RESET) refers to stm32f4xx_it.o(i.CAN1_RX0_IRQHandler) for CAN1_RX0_IRQHandler
    startup_stm32f407xx.o(RESET) refers to stm32f4xx_it.o(i.USART3_IRQHandler) for USART3_IRQHandler
    startup_stm32f407xx.o(RESET) refers to stm32f4xx_it.o(i.UART5_IRQHandler) for UART5_IRQHandler
    startup_stm32f407xx.o(RESET) refers to stm32f4xx_it.o(i.TIM7_IRQHandler) for TIM7_IRQHandler
    startup_stm32f407xx.o(RESET) refers to stm32f4xx_it.o(i.CAN2_TX_IRQHandler) for CAN2_TX_IRQHandler
    startup_stm32f407xx.o(RESET) refers to stm32f4xx_it.o(i.CAN2_RX0_IRQHandler) for CAN2_RX0_IRQHandler
    startup_stm32f407xx.o(.text) refers to system_stm32f4xx.o(i.SystemInit) for SystemInit
    startup_stm32f407xx.o(.text) refers to entry.o(.ARM.Collect$$$$00000000) for __main
    main.o(i.HAL_TIM_PeriodElapsedCallback) refers to stm32f4xx_hal.o(i.HAL_IncTick) for HAL_IncTick
    main.o(i.Rcv_DealData) refers to sbus.o(i.update_sbus) for update_sbus
    main.o(i.Rcv_DealData) refers to stm32f4xx_hal_uart.o(i.HAL_UART_Receive_DMA) for HAL_UART_Receive_DMA
    main.o(i.Rcv_DealData) refers to main.o(.data) for rcv_flag
    main.o(i.Rcv_DealData) refers to main.o(.bss) for rcv_buf
    main.o(i.Rcv_DealData) refers to usart.o(.bss) for huart5
    main.o(i.Rcv_IdleCallback) refers to stm32f4xx_hal_uart.o(i.HAL_UART_DMAStop) for HAL_UART_DMAStop
    main.o(i.Rcv_IdleCallback) refers to main.o(i.Rcv_DealData) for Rcv_DealData
    main.o(i.Rcv_IdleCallback) refers to usart.o(.bss) for huart5
    main.o(i.Rcv_IdleCallback) refers to main.o(.data) for rcv_flag
    main.o(i.SystemClock_Config) refers to memseta.o(.text) for __aeabi_memclr4
    main.o(i.SystemClock_Config) refers to stm32f4xx_hal_rcc.o(i.HAL_RCC_OscConfig) for HAL_RCC_OscConfig
    main.o(i.SystemClock_Config) refers to main.o(i.Error_Handler) for Error_Handler
    main.o(i.SystemClock_Config) refers to stm32f4xx_hal_rcc.o(i.HAL_RCC_ClockConfig) for HAL_RCC_ClockConfig
    main.o(i.main) refers to stm32f4xx_hal.o(i.HAL_Init) for HAL_Init
    main.o(i.main) refers to main.o(i.SystemClock_Config) for SystemClock_Config
    main.o(i.main) refers to gpio.o(i.MX_GPIO_Init) for MX_GPIO_Init
    main.o(i.main) refers to dma.o(i.MX_DMA_Init) for MX_DMA_Init
    main.o(i.main) refers to can.o(i.MX_CAN1_Init) for MX_CAN1_Init
    main.o(i.main) refers to usart.o(i.MX_USART3_UART_Init) for MX_USART3_UART_Init
    main.o(i.main) refers to can.o(i.MX_CAN2_Init) for MX_CAN2_Init
    main.o(i.main) refers to usart.o(i.MX_UART5_Init) for MX_UART5_Init
    main.o(i.main) refers to stm32f4xx_hal_uart.o(i.HAL_UART_Receive_DMA) for HAL_UART_Receive_DMA
    main.o(i.main) refers to ht03.o(i.can_filter_init) for can_filter_init
    main.o(i.main) refers to impulse.o(i.PULSE_INIT) for PULSE_INIT
    main.o(i.main) refers to ht03.o(i.CanMOTOR_Init) for CanMOTOR_Init
    main.o(i.main) refers to controller0.o(i.CONTROLLER0_initialize) for CONTROLLER0_initialize
    main.o(i.main) refers to cmsis_os2.o(i.osKernelInitialize) for osKernelInitialize
    main.o(i.main) refers to freertos.o(i.MX_FREERTOS_Init) for MX_FREERTOS_Init
    main.o(i.main) refers to cmsis_os2.o(i.osKernelStart) for osKernelStart
    main.o(i.main) refers to usart.o(.bss) for huart5
    main.o(i.main) refers to main.o(.bss) for rcv_buf
    main.o(i.main) refers to controller0.o(.bss) for rtU
    freertos.o(i.MX_FREERTOS_Init) refers to cmsis_os2.o(i.osThreadNew) for osThreadNew
    freertos.o(i.MX_FREERTOS_Init) refers to freertos.o(.constdata) for defaultTask_attributes
    freertos.o(i.MX_FREERTOS_Init) refers to freertos.o(i.StartDefaultTask) for StartDefaultTask
[...]
    i.osThreadNew                            0x080066b8   Section        0  cmsis_os2.o(i.osThreadNew)
    i.prvAddCurrentTaskToDelayedList         0x08006770   Section        0  tasks.o(i.prvAddCurrentTaskToDelayedList)
    prvAddCurrentTaskToDelayedList           0x08006771   Thumb Code   100  tasks.o(i.prvAddCurrentTaskToDelayedList)
    i.prvAddNewTaskToReadyList               0x080067ec   Section        0  tasks.o(i.prvAddNewTaskToReadyList)
    prvAddNewTaskToReadyList                 0x080067ed   Thumb Code   154  tasks.o(i.prvAddNewTaskToReadyList)
    i.prvCheckForValidListAndQueue           0x080068a4   Section        0  timers.o(i.prvCheckForValidListAndQueue)
    prvCheckForValidListAndQueue             0x080068a5   Thumb Code    78  timers.o(i.prvCheckForValidListAndQueue)
    i.prvCheckTasksWaitingTermination        0x08006918   Section        0  tasks.o(i.prvCheckTasksWaitingTermination)
    prvCheckTasksWaitingTermination          0x08006919   Thumb Code    60  tasks.o(i.prvCheckTasksWaitingTermination)
    i.prvCopyDataFromQueue                   0x08006960   Section        0  queue.o(i.prvCopyDataFromQueue)
    prvCopyDataFromQueue                     0x08006961   Thumb Code    42  queue.o(i.prvCopyDataFromQueue)
    i.prvCopyDataToQueue                     0x0800698a   Section        0  queue.o(i.prvCopyDataToQueue)
    prvCopyDataToQueue                       0x0800698b   Thumb Code   126  queue.o(i.prvCopyDataToQueue)
    i.prvDeleteTCB                           0x08006a08   Section        0  tasks.o(i.prvDeleteTCB)
    prvDeleteTCB                             0x08006a09   Thumb Code    80  tasks.o(i.prvDeleteTCB)
    i.prvGetNextExpireTime                   0x08006a58   Section        0  timers.o(i.prvGetNextExpireTime)
    prvGetNextExpireTime                     0x08006a59   Thumb Code    36  timers.o(i.prvGetNextExpireTime)
    i.prvHeapInit                            0x08006a80   Section        0  heap_4.o(i.prvHeapInit)
    prvHeapInit                              0x08006a81   Thumb Code    98  heap_4.o(i.prvHeapInit)
    i.prvIdleTask                            0x08006afc   Section        0  tasks.o(i.prvIdleTask)
    prvIdleTask                              0x08006afd   Thumb Code    32  tasks.o(i.prvIdleTask)
    i.prvInitialiseNewQueue                  0x08006b24   Section        0  queue.o(i.prvInitialiseNewQueue)
    prvInitialiseNewQueue                    0x08006b25   Thumb Code    42  queue.o(i.prvInitialiseNewQueue)
    i.prvInitialiseNewTask                   0x08006b4e   Section        0  tasks.o(i.prvInitialiseNewTask)
    prvInitialiseNewTask                     0x08006b4f   Thumb Code   190  tasks.o(i.prvInitialiseNewTask)
    i.prvInitialiseTaskLists                 0x08006c0c   Section        0  tasks.o(i.prvInitialiseTaskLists)
    prvInitialiseTaskLists                   0x08006c0d   Thumb Code    70  tasks.o(i.prvInitialiseTaskLists)
    i.prvInsertBlockIntoFreeList             0x08006c74   Section        0  heap_4.o(i.prvInsertBlockIntoFreeList)
    prvInsertBlockIntoFreeList               0x08006c75   Thumb Code    96  heap_4.o(i.prvInsertBlockIntoFreeList)
    i.prvInsertTimerInActiveList             0x08006cdc   Section        0  timers.o(i.prvInsertTimerInActiveList)
    prvInsertTimerInActiveList               0x08006cdd   Thumb Code    80  timers.o(i.prvInsertTimerInActiveList)
    i.prvIsQueueEmpty                        0x08006d34   Section        0  queue.o(i.prvIsQueueEmpty)
    prvIsQueueEmpty                          0x08006d35   Thumb Code    26  queue.o(i.prvIsQueueEmpty)
    i.prvIsQueueFull                         0x08006d4e   Section        0  queue.o(i.prvIsQueueFull)
    prvIsQueueFull                           0x08006d4f   Thumb Code    30  queue.o(i.prvIsQueueFull)
    i.prvProcessExpiredTimer                 0x08006d6c   Section        0  timers.o(i.prvProcessExpiredTimer)
    prvProcessExpiredTimer                   0x08006d6d   Thumb Code   110  timers.o(i.prvProcessExpiredTimer)
    i.prvProcessReceivedCommands             0x08006de0   Section        0  timers.o(i.prvProcessReceivedCommands)
    prvProcessReceivedCommands               0x08006de1   Thumb Code   350  timers.o(i.prvProcessReceivedCommands)
    i.prvProcessTimerOrBlockTask             0x08006f44   Section        0  timers.o(i.prvProcessTimerOrBlockTask)
    prvProcessTimerOrBlockTask               0x08006f45   Thumb Code   102  timers.o(i.prvProcessTimerOrBlockTask)
    i.prvResetNextTaskUnblockTime            0x08006fb8   Section        0  tasks.o(i.prvResetNextTaskUnblockTime)
    prvResetNextTaskUnblockTime              0x08006fb9   Thumb Code    42  tasks.o(i.prvResetNextTaskUnblockTime)
    i.prvSampleTimeNow                       0x08006fec   Section        0  timers.o(i.prvSampleTimeNow)
    prvSampleTimeNow                         0x08006fed   Thumb Code    40  timers.o(i.prvSampleTimeNow)
    i.prvSwitchTimerLists                    0x08007018   Section        0  timers.o(i.prvSwitchTimerLists)
    prvSwitchTimerLists                      0x08007019   Thumb Code   154  timers.o(i.prvSwitchTimerLists)
    i.prvTaskExitError                       0x080070bc   Section        0  port.o(i.prvTaskExitError)
    prvTaskExitError                         0x080070bd   Thumb Code    60  port.o(i.prvTaskExitError)
    i.prvTimerTask                           0x080070fc   Section        0  timers.o(i.prvTimerTask)
    prvTimerTask                             0x080070fd   Thumb Code    26  timers.o(i.prvTimerTask)
    i.prvUnlockQueue                         0x08007116   Section        0  queue.o(i.prvUnlockQueue)
    prvUnlockQueue                           0x08007117   Thumb Code   126  queue.o(i.prvUnlockQueue)
    i.pvPortMalloc                           0x08007194   Section        0  heap_4.o(i.pvPortMalloc)
    i.pxPortInitialiseStack                  0x080072e0   Section        0  port.o(i.pxPortInitialiseStack)
    i.sqrtf                                  0x0800730c   Section        0  sqrtf.o(i.sqrtf)
    i.uTm_x1                                 0x0800734c   Section        0  controller0.o(i.uTm_x1)
    uTm_x1                                   0x0800734d   Thumb Code   186  controller0.o(i.uTm_x1)
    i.uTm_y2                                 0x08007410   Section        0  controller0.o(i.uTm_y2)
    uTm_y2                                   0x08007411   Thumb Code   308  controller0.o(i.uTm_y2)
    i.uint_to_float                          0x08007558   Section        0  ht03.o(i.uint_to_float)
    uint_to_float                            0x08007559   Thumb Code    52  ht03.o(i.uint_to_float)
    i.update_sbus                            0x0800758c   Section        0  sbus.o(i.update_sbus)
    i.uxListRemove                           0x080076f4   Section        0  list.o(i.uxListRemove)
    i.vApplicationGetIdleTaskMemory          0x0800771c   Section        0  cmsis_os2.o(i.vApplicationGetIdleTaskMemory)
    i.vApplicationGetTimerTaskMemory         0x08007734   Section        0  cmsis_os2.o(i.vApplicationGetTimerTaskMemory)
    i.vListInitialise                        0x0800774c   Section        0  list.o(i.vListInitialise)
    i.vListInitialiseItem                    0x08007766   Section        0  list.o(i.vListInitialiseItem)
    i.vListInsert                            0x0800776c   Section        0  list.o(i.vListInsert)
    i.vListInsertEnd                         0x080077a0   Section        0  list.o(i.vListInsertEnd)
    i.vPortEnterCritical                     0x080077b8   Section        0  port.o(i.vPortEnterCritical)
    i.vPortExitCritical                      0x0800780c   Section        0  port.o(i.vPortExitCritical)
    i.vPortFree                              0x08007848   Section        0  heap_4.o(i.vPortFree)
    i.vPortSetupTimerInterrupt               0x080078ec   Section        0  port.o(i.vPortSetupTimerInterrupt)
    i.vPortValidateInterruptPriority         0x08007914   Section        0  port.o(i.vPortValidateInterruptPriority)
    i.vQueueAddToRegistry                    0x0800798c   Section        0  queue.o(i.vQueueAddToRegistry)
    i.vQueueWaitForMessageRestricted         0x080079b8   Section        0  queue.o(i.vQueueWaitForMessageRestricted)
    i.vTaskDelay                             0x08007a04   Section        0  tasks.o(i.vTaskDelay)
    i.vTaskInternalSetTimeOutState           0x08007a60   Section        0  tasks.o(i.vTaskInternalSetTimeOutState)
    i.vTaskMissedYield                       0x08007a78   Section        0  tasks.o(i.vTaskMissedYield)
    i.vTaskPlaceOnEventList                  0x08007a84   Section        0  tasks.o(i.vTaskPlaceOnEventList)
    i.vTaskPlaceOnEventListRestricted        0x08007abc   Section        0  tasks.o(i.vTaskPlaceOnEventListRestricted)
    i.vTaskStartScheduler                    0x08007afc   Section        0  tasks.o(i.vTaskStartScheduler)
    i.vTaskSuspendAll                        0x08007bb4   Section        0  tasks.o(i.vTaskSuspendAll)
    i.vTaskSwitchContext                     0x08007bc4   Section        0  tasks.o(i.vTaskSwitchContext)
    i.xPortStartScheduler                    0x08007c54   Section        0  port.o(i.xPortStartScheduler)
    i.xPortSysTickHandler                    0x08007dbc   Section        0  port.o(i.xPortSysTickHandler)
    i.xQueueGenericCreateStatic              0x08007df0   Section        0  queue.o(i.xQueueGenericCreateStatic)
    i.xQueueGenericReset                     0x08007ed0   Section        0  queue.o(i.xQueueGenericReset)
    i.xQueueGenericSend                      0x08007f68   Section        0  queue.o(i.xQueueGenericSend)
    i.xQueueGenericSendFromISR               0x08008110   Section        0  queue.o(i.xQueueGenericSendFromISR)
    i.xQueueReceive                          0x0800820c   Section        0  queue.o(i.xQueueReceive)
    i.xTaskCheckForTimeOut                   0x08008374   Section        0  tasks.o(i.xTaskCheckForTimeOut)
    i.xTaskCreate                            0x08008400   Section        0  tasks.o(i.xTaskCreate)
    i.xTaskCreateStatic                      0x08008464   Section        0  tasks.o(i.xTaskCreateStatic)
    i.xTaskGetSchedulerState                 0x08008520   Section        0  tasks.o(i.xTaskGetSchedulerState)
    i.xTaskGetTickCount                      0x08008540   Section        0  tasks.o(i.xTaskGetTickCount)
    i.xTaskIncrementTick                     0x0800854c   Section        0  tasks.o(i.xTaskIncrementTick)
    i.xTaskPriorityDisinherit                0x08008690   Section        0  tasks.o(i.xTaskPriorityDisinherit)
    i.xTaskRemoveFromEventList               0x08008734   Section        0  tasks.o(i.xTaskRemoveFromEventList)
    i.xTaskResumeAll                         0x080087cc   Section        0  tasks.o(i.xTaskResumeAll)
    i.xTimerCreateTimerTask                  0x080088d0   Section        0  timers.o(i.xTimerCreateTimerTask)
    i.xTimerGenericCommand                   0x08008948   Section        0  timers.o(i.xTimerGenericCommand)
    .constdata                               0x080089cc   Section      144  freertos.o(.constdata)
    .constdata                               0x08008a5c   Section        8  stm32f4xx_hal_dma.o(.constdata)
    flagBitshiftOffset                       0x08008a5c   Data           8  stm32f4xx_hal_dma.o(.constdata)
    .constdata                               0x08008a64   Section       24  system_stm32f4xx.o(.constdata)
    .constdata                               0x08008a7c   Section       32  rredf.o(.constdata)
    twooverpi                                0x08008a7c   Data          32  rredf.o(.constdata)
    .conststring                             0x08008a9c   Section       50  freertos.o(.conststring)
    .data                                    0x20000000   Section       32  main.o(.data)
    .data                                    0x20000020   Section       20  freertos.o(.data)
    .data                                    0x20000034   Section        4  can.o(.data)
    HAL_RCC_CAN1_CLK_ENABLED                 0x20000034   Data           4  can.o(.data)
    .data                                    0x20000038   Section        9  stm32f4xx_hal.o(.data)
    .data                                    0x20000044   Section        4  system_stm32f4xx.o(.data)
    .data                                    0x20000048   Section       60  tasks.o(.data)
    pxDelayedTaskList                        0x2000004c   Data           4  tasks.o(.data)
    pxOverflowDelayedTaskList                0x20000050   Data           4  tasks.o(.data)
    uxDeletedTasksWaitingCleanUp             0x20000054   Data           4  tasks.o(.data)
    uxCurrentNumberOfTasks                   0x20000058   Data           4  tasks.o(.data)
    xTickCount                               0x2000005c   Data           4  tasks.o(.data)
    uxTopReadyPriority                       0x20000060   Data           4  tasks.o(.data)
    xSchedulerRunning                        0x20000064   Data           4  tasks.o(.data)
    xPendedTicks                             0x20000068   Data           4  tasks.o(.data)
    xYieldPending                            0x2000006c   Data           4  tasks.o(.data)
    xNumOfOverflows                          0x20000070   Data           4  tasks.o(.data)
    uxTaskNumber                             0x20000074   Data           4  tasks.o(.data)
    xNextTaskUnblockTime                     0x20000078   Data           4  tasks.o(.data)
    xIdleTaskHandle                          0x2000007c   Data           4  tasks.o(.data)
    uxSchedulerSuspended                     0x20000080   Data           4  tasks.o(.data)
    .data                                    0x20000084   Section       20  timers.o(.data)
    pxCurrentTimerList                       0x20000084   Data           4  timers.o(.data)
    pxOverflowTimerList                      0x20000088   Data           4  timers.o(.data)
    xTimerQueue                              0x2000008c   Data           4  timers.o(.data)
    xTimerTaskHandle                         0x20000090   Data           4  timers.o(.data)
    xLastTime                                0x20000094   Data           4  timers.o(.data)
    .data                                    0x20000098   Section        4  cmsis_os2.o(.data)
    KernelState                              0x20000098   Data           4  cmsis_os2.o(.data)
    .data                                    0x2000009c   Section       32  heap_4.o(.data)
    xStart                                   0x2000009c   Data           8  heap_4.o(.data)
    pxEnd                                    0x200000a4   Data           4  heap_4.o(.data)
    xFreeBytesRemaining                      0x200000a8   Data           4  heap_4.o(.data)
    xMinimumEverFreeBytesRemaining           0x200000ac   Data           4  heap_4.o(.data)
    xNumberOfSuccessfulAllocations           0x200000b0   Data           4  heap_4.o(.data)
    xNumberOfSuccessfulFrees                 0x200000b4   Data           4  heap_4.o(.data)
    xBlockAllocatedBit                       0x200000b8   Data           4  heap_4.o(.data)
    .data                                    0x200000bc   Section       12  port.o(.data)
    uxCriticalNesting                        0x200000bc   Data           4  port.o(.data)
    ucMaxSysCallPriority                     0x200000c0   Data           1  port.o(.data)
    ulMaxPRIGROUPValue                       0x200000c4   Data           4  port.o(.data)
    .data                                    0x200000c8   Section       25  ht03.o(.data)
    .data                                    0x200000e4   Section        4  errno.o(.data)
    _errno                                   0x200000e4   Data           4  errno.o(.data)
    .bss                                     0x200000e8   Section       64  main.o(.bss)
    .bss                                     0x20000128   Section     1116  freertos.o(.bss)
    .bss                                     0x20000584   Section       80  can.o(.bss)
    .bss                                     0x200005d4   Section      232  usart.o(.bss)
    .bss                                     0x200006bc   Section       72  stm32f4xx_hal_timebase_tim.o(.bss)
    .bss                                     0x20000704   Section       64  queue.o(.bss)
    .bss                                     0x20000744   Section     1220  tasks.o(.bss)
    pxReadyTasksLists                        0x20000744   Data        1120  tasks.o(.bss)
    xDelayedTaskList1                        0x20000ba4   Data          20  tasks.o(.bss)
    xDelayedTaskList2                        0x20000bb8   Data          20  tasks.o(.bss)
    xPendingReadyList                        0x20000bcc   Data          20  tasks.o(.bss)
    xTasksWaitingTermination                 0x20000be0   Data          20  tasks.o(.bss)
    xSuspendedTaskList                       0x20000bf4   Data          20  tasks.o(.bss)
    .bss                                     0x20000c08   Section      280  timers.o(.bss)
    xActiveTimerList1                        0x20000c08   Data          20  timers.o(.bss)
    xActiveTimerList2                        0x20000c1c   Data          20  timers.o(.bss)
    xStaticTimerQueue                        0x20000c30   Data          80  timers.o(.bss)
    ucStaticTimerQueueStorage                0x20000c80   Data         160  timers.o(.bss)
    .bss                                     0x20000d20   Section     1720  cmsis_os2.o(.bss)
    Idle_TCB                                 0x20000d20   Data          92  cmsis_os2.o(.bss)
    Idle_Stack                               0x20000d7c   Data         512  cmsis_os2.o(.bss)
    Timer_TCB                                0x20000f7c   Data          92  cmsis_os2.o(.bss)
    Timer_Stack                              0x20000fd8   Data        1024  cmsis_os2.o(.bss)
    .bss                                     0x200013d8   Section    15360  heap_4.o(.bss)
    ucHeap                                   0x200013d8   Data       15360  heap_4.o(.bss)
    .bss                                     0x20004fd8   Section       84  sbus.o(.bss)
    .bss                                     0x2000502c   Section      128  ht03.o(.bss)
    .bss                                     0x200050ac   Section      144  impulse.o(.bss)
    .bss                                     0x2000513c   Section       80  controller0.o(.bss)
    STACK                                    0x20005190   Section     1024  startup_stm32f407xx.o(STACK)

    Global Symbols

    Symbol Name                              Value     Ov Type        Size  Object(Section)

    BuildAttributes$$THM_ISAv4$E$P$D$K$B$S$7EM$VFPi3$EXTD16$VFPS$VFMA$PE$A:L22UL41UL21$X:L11$S22US41US21$IEEE1$IW$USESV6$~STKCKD$USESV7$~SHL$OTIME$ROPI$IEEEX$EBA8$MICROLIB$REQ8$PRES8$EABIv2 0x00000000   Number         0  anon$$obj.o ABSOLUTE
    __ARM_use_no_argv                        0x00000000   Number         0  main.o ABSOLUTE
    __arm_fini_                               - Undefined Weak Reference
    __cpp_initialize__aeabi_                  - Undefined Weak Reference
    __cxa_finalize                            - Undefined Weak Reference
    __decompress                              - Undefined Weak Reference
    _clock_init                               - Undefined Weak Reference
    _microlib_exit                            - Undefined Weak Reference
    __Vectors_Size                           0x00000188   Number         0  startup_stm32f407xx.o ABSOLUTE
    __Vectors                                0x08000000   Data           4  startup_stm32f407xx.o(RESET)
    __Vectors_End                            0x08000188   Data           0  startup_stm32f407xx.o(RESET)
    __main                                   0x08000189   Thumb Code     0  entry.o(.ARM.Collect$$$$00000000)
    _main_stk                                0x08000189   Thumb Code     0  entry2.o(.ARM.Collect$$$$00000001)
    _main_scatterload                        0x0800018d   Thumb Code     0  entry5.o(.ARM.Collect$$$$00000004)
    __main_after_scatterload                 0x08000191   Thumb Code     0  entry5.o(.ARM.Collect$$$$00000004)
    _main_clock                              0x08000191   Thumb Code     0  entry7b.o(.ARM.Collect$$$$00000008)
    _main_cpp_init                           0x08000191   Thumb Code     0  entry8b.o(.ARM.Collect$$$$0000000A)
    _main_init                               0x08000191   Thumb Code     0  entry9a.o(.ARM.Collect$$$$0000000B)
    __rt_lib_shutdown_fini                   0x08000199   Thumb Code     0  entry12b.o(.ARM.Collect$$$$0000000E)
    __rt_final_cpp                           0x0800019d   Thumb Code     0  entry10a.o(.ARM.Collect$$$$0000000F)
    __rt_final_exit                          0x0800019d   Thumb Code     0  entry11a.o(.ARM.Collect$$$$00000011)
    SVC_Handler                              0x080001a1   Thumb Code    28  port.o(.emb_text)
    __asm___6_port_c_39a90d8d__prvStartFirstTask 0x080001c1   Thumb Code    36  port.o(.emb_text)
    __asm___6_port_c_39a90d8d__prvEnableVFP  0x080001e9   Thumb Code    16  port.o(.emb_text)
    PendSV_Handler                           0x080001fd   Thumb Code    88  port.o(.emb_text)
    vPortGetIPSR                             0x08000259   Thumb Code     6  port.o(.emb_text)
    Reset_Handler                            0x08000261   Thumb Code     8  startup_stm32f407xx.o(.text)
    ADC_IRQHandler                           0x0800027b   Thumb Code     0  startup_stm32f407xx.o(.text)
    CAN1_RX1_IRQHandler                      0x0800027b   Thumb Code     0  startup_stm32f407xx.o(.text)
    CAN1_SCE_IRQHandler                      0x0800027b   Thumb Code     0  startup_stm32f407xx.o(.text)
    CAN2_RX1_IRQHandler                      0x0800027b   Thumb Code     0  startup_stm32f407xx.o(.text)
    CAN2_SCE_IRQHandler                      0x0800027b   Thumb Code     0  startup_stm32f407xx.o(.text)
    DCMI_IRQHandler                          0x0800027b   Thumb Code     0  startup_stm32f407xx.o(.text)
    DMA1_Stream1_IRQHandler                  0x0800027b   Thumb Code     0  startup_stm32f407xx.o(.text)
    DMA1_Stream2_IRQHandler                  0x0800027b   Thumb Code     0  startup_stm32f407xx.o(.text)
    DMA1_Stream3_IRQHandler                  0x0800027b   Thumb Code     0  startup_stm32f407xx.o(.text)
    DMA1_Stream4_IRQHandler                  0x0800027b   Thumb Code     0  startup_stm32f407xx.o(.text)
    DMA1_Stream5_IRQHandler                  0x0800027b   Thumb Code     0  startup_stm32f407xx.o(.text)
    DMA1_Stream6_IRQHandler                  0x0800027b   Thumb Code     0  startup_stm32f407xx.o(.text)
    DMA1_Stream7_IRQHandler                  0x0800027b   Thumb Code     0  startup_stm32f407xx.o(.text)
    DMA2_Stream0_IRQHandler                  0x0800027b   Thumb Code     0  startup_stm32f407xx.o(.text)
    DMA2_Stream1_IRQHandler                  0x0800027b   Thumb Code     0  startup_stm32f407xx.o(.text)
    DMA2_Stream2_IRQHandler                  0x0800027b   Thumb Code     0  startup_stm32f407xx.o(.text)
    DMA2_Stream3_IRQHandler                  0x0800027b   Thumb Code     0  startup_stm32f407xx.o(.text)
    DMA2_Stream4_IRQHandler                  0x0800027b   Thumb Code     0  startup_stm32f407xx.o(.text)
    DMA2_Stream5_IRQHandler                  0x0800027b   Thumb Code     0  startup_stm32f407xx.o(.text)
    DMA2_Stream6_IRQHandler                  0x0800027b   Thumb Code     0  startup_stm32f407xx.o(.text)
    DMA2_Stream7_IRQHandler                  0x0800027b   Thumb Code     0  startup_stm32f407xx.o(.text)
    ETH_IRQHandler                           0x0800027b   Thumb Code     0  startup_stm32f407xx.o(.text)
    ETH_WKUP_IRQHandler                      0x0800027b   Thumb Code     0  startup_stm32f407xx.o(.text)
    EXTI0_IRQHandler                         0x0800027b   Thumb Code     0  startup_stm32f407xx.o(.text)
    EXTI15_10_IRQHandler                     0x0800027b   Thumb Code     0  startup_stm32f407xx.o(.text)
    EXTI1_IRQHandler                         0x0800027b   Thumb Code     0  startup_stm32f407xx.o(.text)
    EXTI2_IRQHandler                         0x0800027b   Thumb Code     0  startup_stm32f407xx.o(.text)
    EXTI3_IRQHandler                         0x0800027b   Thumb Code     0  startup_stm32f407xx.o(.text)
    EXTI4_IRQHandler                         0x0800027b   Thumb Code     0  startup_stm32f407xx.o(.text)
    EXTI9_5_IRQHandler                       0x0800027b   Thumb Code     0  startup_stm32f407xx.o(.text)
    FLASH_IRQHandler                         0x0800027b   Thumb Code     0  startup_stm32f407xx.o(.text)
    FMC_IRQHandler                           0x0800027b   Thumb Code     0  startup_stm32f407xx.o(.text)
    FPU_IRQHandler                           0x0800027b   Thumb Code     0  startup_stm32f407xx.o(.text)
    HASH_RNG_IRQHandler                      0x0800027b   Thumb Code     0  startup_stm32f407xx.o(.text)
    I2C1_ER_IRQHandler                       0x0800027b   Thumb Code     0  startup_stm32f407xx.o(.text)
    I2C1_EV_IRQHandler                       0x0800027b   Thumb Code     0  startup_stm32f407xx.o(.text)
    I2C2_ER_IRQHandler                       0x0800027b   Thumb Code     0  startup_stm32f407xx.o(.text)
    I2C2_EV_IRQHandler                       0x0800027b   Thumb Code     0  startup_stm32f407xx.o(.text)
    I2C3_ER_IRQHandler                       0x0800027b   Thumb Code     0  startup_stm32f407xx.o(.text)
    I2C3_EV_IRQHandler                       0x0800027b   Thumb Code     0  startup_stm32f407xx.o(.text)
    OTG_FS_IRQHandler                        0x0800027b   Thumb Code     0  startup_stm32f407xx.o(.text)
    OTG_FS_WKUP_IRQHandler                   0x0800027b   Thumb Code     0  startup_stm32f407xx.o(.text)
    OTG_HS_EP1_IN_IRQHandler                 0x0800027b   Thumb Code     0  startup_stm32f407xx.o(.text)
    OTG_HS_EP1_OUT_IRQHandler                0x0800027b   Thumb Code     0  startup_stm32f407xx.o(.text)
    OTG_HS_IRQHandler                        0x0800027b   Thumb Code     0  startup_stm32f407xx.o(.text)
    OTG_HS_WKUP_IRQHandler                   0x0800027b   Thumb Code     0  startup_stm32f407xx.o(.text)
    PVD_IRQHandler                           0x0800027b   Thumb Code     0  startup_stm32f407xx.o(.text)
    RCC_IRQHandler                           0x0800027b   Thumb Code     0  startup_stm32f407xx.o(.text)
    RTC_Alarm_IRQHandler                     0x0800027b   Thumb Code     0  startup_stm32f407xx.o(.text)
    RTC_WKUP_IRQHandler                      0x0800027b   Thumb Code     0  startup_stm32f407xx.o(.text)
    SDIO_IRQHandler                          0x0800027b   Thumb Code     0  startup_stm32f407xx.o(.text)
    SPI1_IRQHandler                          0x0800027b   Thumb Code     0  startup_stm32f407xx.o(.text)
    SPI2_IRQHandler                          0x0800027b   Thumb Code     0  startup_stm32f407xx.o(.text)
    SPI3_IRQHandler                          0x0800027b   Thumb Code     0  startup_stm32f407xx.o(.text)
    TAMP_STAMP_IRQHandler                    0x0800027b   Thumb Code     0  startup_stm32f407xx.o(.text)
    TIM1_BRK_TIM9_IRQHandler                 0x0800027b   Thumb Code     0  startup_stm32f407xx.o(.text)
    TIM1_CC_IRQHandler                       0x0800027b   Thumb Code     0  startup_stm32f407xx.o(.text)
    TIM1_TRG_COM_TIM11_IRQHandler            0x0800027b   Thumb Code     0  startup_stm32f407xx.o(.text)
    TIM1_UP_TIM10_IRQHandler                 0x0800027b   Thumb Code     0  startup_stm32f407xx.o(.text)
    TIM2_IRQHandler                          0x0800027b   Thumb Code     0  startup_stm32f407xx.o(.text)
    TIM3_IRQHandler                          0x0800027b   Thumb Code     0  startup_stm32f407xx.o(.text)
    TIM4_IRQHandler                          0x0800027b   Thumb Code     0  startup_stm32f407xx.o(.text)
    TIM5_IRQHandler                          0x0800027b   Thumb Code     0  startup_stm32f407xx.o(.text)
    TIM6_DAC_IRQHandler                      0x0800027b   Thumb Code     0  startup_stm32f407xx.o(.text)
    TIM8_BRK_TIM12_IRQHandler                0x0800027b   Thumb Code     0  startup_stm32f407xx.o(.text)
    TIM8_CC_IRQHandler                       0x0800027b   Thumb Code     0  startup_stm32f407xx.o(.text)
    TIM8_TRG_COM_TIM14_IRQHandler            0x0800027b   Thumb Code     0  startup_stm32f407xx.o(.text)
    TIM8_UP_TIM13_IRQHandler                 0x0800027b   Thumb Code     0  startup_stm32f407xx.o(.text)
    UART4_IRQHandler                         0x0800027b   Thumb Code     0  startup_stm32f407xx.o(.text)
    USART1_IRQHandler                        0x0800027b   Thumb Code     0  startup_stm32f407xx.o(.text)
    USART2_IRQHandler                        0x0800027b   Thumb Code     0  startup_stm32f407xx.o(.text)
    USART6_IRQHandler                        0x0800027b   Thumb Code     0  startup_stm32f407xx.o(.text)
    WWDG_IRQHandler                          0x0800027b   Thumb Code     0  startup_stm32f407xx.o(.text)
    __aeabi_uldivmod                         0x08000285   Thumb Code    98  uldiv.o(.text)
    __aeabi_memcpy                           0x080002e7   Thumb Code    36  memcpya.o(.text)
    __aeabi_memcpy4                          0x080002e7   Thumb Code     0  memcpya.o(.text)
    __aeabi_memcpy8                          0x080002e7   Thumb Code     0  memcpya.o(.text)
    __aeabi_memset                           0x0800030b   Thumb Code    14  memseta.o(.text)
    __aeabi_memset4                          0x0800030b   Thumb Code     0  memseta.o(.text)
    __aeabi_memset8                          0x0800030b   Thumb Code     0  memseta.o(.text)
    __aeabi_memclr                           0x08000319   Thumb Code     4  memseta.o(.text)
    __aeabi_memclr4                          0x08000319   Thumb Code     0  memseta.o(.text)
    __aeabi_memclr8                          0x08000319   Thumb Code     0  memseta.o(.text)
    memset                                   0x0800031d   Thumb Code    18  memseta.o(.text)
    __aeabi_dadd                             0x0800032f   Thumb Code   322  dadd.o(.text)
    __aeabi_dsub                             0x08000471   Thumb Code     6  dadd.o(.text)
    __aeabi_drsub                            0x08000477   Thumb Code     6  dadd.o(.text)
    __aeabi_dmul                             0x0800047d   Thumb Code   228  dmul.o(.text)
    __aeabi_ddiv                             0x08000561   Thumb Code   222  ddiv.o(.text)
    __aeabi_f2d                              0x0800063f   Thumb Code    38  f2d.o(.text)
    __aeabi_cdcmpeq                          0x08000665   Thumb Code     0  cdcmple.o(.text)
    __aeabi_cdcmple                          0x08000665   Thumb Code    48  cdcmple.o(.text)
    __aeabi_cdrcmple                         0x08000695   Thumb Code    48  cdrcmple.o(.text)
    __aeabi_d2f                              0x080006c5   Thumb Code    56  d2f.o(.text)
    __aeabi_llsl                             0x080006fd   Thumb Code    30  llshl.o(.text)
    _ll_shift_l                              0x080006fd   Thumb Code     0  llshl.o(.text)
    __aeabi_llsr                             0x0800071b   Thumb Code    32  llushr.o(.text)
    _ll_ushift_r                             0x0800071b   Thumb Code     0  llushr.o(.text)
    __aeabi_lasr                             0x0800073b   Thumb Code    36  llsshr.o(.text)
    _ll_sshift_r                             0x0800073b   Thumb Code     0  llsshr.o(.text)
    __I$use$fp                               0x0800075f   Thumb Code     0  iusefp.o(.text)
    _float_round                             0x0800075f   Thumb Code    18  fepilogue.o(.text)
    _float_epilogue                          0x08000771   Thumb Code    92  fepilogue.o(.text)
    _double_round                            0x080007cd   Thumb Code    30  depilogue.o(.text)
    _double_epilogue                         0x080007eb   Thumb Code   156  depilogue.o(.text)
    __scatterload                            0x08000889   Thumb Code    28  init.o(.text)
    __scatterload_rt2                        0x08000889   Thumb Code     0  init.o(.text)
    BusFault_Handler                         0x080008ad   Thumb Code     4  stm32f4xx_it.o(i.BusFault_Handler)
    CAN1_RX0_IRQHandler                      0x080008b1   Thumb Code    10  stm32f4xx_it.o(i.CAN1_RX0_IRQHandler)
    CAN1_TX_IRQHandler                       0x080008c1   Thumb Code    10  stm32f4xx_it.o(i.CAN1_TX_IRQHandler)
    CAN2_RX0_IRQHandler                      0x080008d1   Thumb Code    10  stm32f4xx_it.o(i.CAN2_RX0_IRQHandler)
    CAN2_TX_IRQHandler                       0x080008e1   Thumb Code    10  stm32f4xx_it.o(i.CAN2_TX_IRQHandler)
    CONTROLLER0_initialize                   0x080008f1   Thumb Code     2  controller0.o(i.CONTROLLER0_initialize)
    CONTROLLER0_step                         0x080008f5   Thumb Code   876  controller0.o(i.CONTROLLER0_step)
    CanComm_ControlCmd                       0x08000c89   Thumb Code   106  ht03.o(i.CanComm_ControlCmd)
    CanComm_SendControlPara                  0x08000cf9   Thumb Code   474  ht03.o(i.CanComm_SendControlPara)
    CanMOTOR_Init                            0x08000ef1   Thumb Code  1148  ht03.o(i.CanMOTOR_Init)
    CanMotorUpdate_NULL                      0x08001379   Thumb Code   392  ht03.o(i.CanMotorUpdate_NULL)
    CanTransmit                              0x08001509   Thumb Code    46  ht03.o(i.CanTransmit)
    DMA1_Stream0_IRQHandler                  0x08001539   Thumb Code    10  stm32f4xx_it.o(i.DMA1_Stream0_IRQHandler)
    DebugMon_Handler                         0x08001653   Thumb Code     2  stm32f4xx_it.o(i.DebugMon_Handler)
    Error_Handler                            0x08001655   Thumb Code     6  main.o(i.Error_Handler)
    HAL_CAN_ActivateNotification             0x0800165b   Thumb Code    42  stm32f4xx_hal_can.o(i.HAL_CAN_ActivateNotification)
    HAL_CAN_AddTxMessage                     0x08001685   Thumb Code   342  stm32f4xx_hal_can.o(i.HAL_CAN_AddTxMessage)
    HAL_CAN_ConfigFilter                     0x080017dd   Thumb Code   286  stm32f4xx_hal_can.o(i.HAL_CAN_ConfigFilter)
    HAL_CAN_ErrorCallback                    0x08001901   Thumb Code     2  stm32f4xx_hal_can.o(i.HAL_CAN_ErrorCallback)
    HAL_CAN_GetRxMessage                     0x08001903   Thumb Code   378  stm32f4xx_hal_can.o(i.HAL_CAN_GetRxMessage)
    HAL_CAN_IRQHandler                       0x08001a7d   Thumb Code   590  stm32f4xx_hal_can.o(i.HAL_CAN_IRQHandler)
    HAL_CAN_Init                             0x08001ccb   Thumb Code   372  stm32f4xx_hal_can.o(i.HAL_CAN_Init)
    HAL_CAN_MspInit                          0x08001e41   Thumb Code   360  can.o(i.HAL_CAN_MspInit)
    HAL_CAN_RxFifo0FullCallback              0x08001fc1   Thumb Code     2  stm32f4xx_hal_can.o(i.HAL_CAN_RxFifo0FullCallback)
    HAL_CAN_RxFifo0MsgPendingCallback        0x08001fc5   Thumb Code   444  ht03.o(i.HAL_CAN_RxFifo0MsgPendingCallback)
    HAL_CAN_RxFifo1FullCallback              0x0800219d   Thumb Code     2  stm32f4xx_hal_can.o(i.HAL_CAN_RxFifo1FullCallback)
    HAL_CAN_RxFifo1MsgPendingCallback        0x0800219f   Thumb Code     2  stm32f4xx_hal_can.o(i.HAL_CAN_RxFifo1MsgPendingCallback)
    HAL_CAN_SleepCallback                    0x080021a1   Thumb Code     2  stm32f4xx_hal_can.o(i.HAL_CAN_SleepCallback)
    HAL_CAN_Start                            0x080021a3   Thumb Code    94  stm32f4xx_hal_can.o(i.HAL_CAN_Start)
    HAL_CAN_TxMailbox0AbortCallback          0x08002201   Thumb Code     2  stm32f4xx_hal_can.o(i.HAL_CAN_TxMailbox0AbortCallback)
    HAL_CAN_TxMailbox0CompleteCallback       0x08002203   Thumb Code     2  stm32f4xx_hal_can.o(i.HAL_CAN_TxMailbox0CompleteCallback)
    HAL_CAN_TxMailbox1AbortCallback          0x08002205   Thumb Code     2  stm32f4xx_hal_can.o(i.HAL_CAN_TxMailbox1AbortCallback)
    HAL_CAN_TxMailbox1CompleteCallback       0x08002207   Thumb Code     2  stm32f4xx_hal_can.o(i.HAL_CAN_TxMailbox1CompleteCallback)
    HAL_CAN_TxMailbox2AbortCallback          0x08002209   Thumb Code     2  stm32f4xx_hal_can.o(i.HAL_CAN_TxMailbox2AbortCallback)
    HAL_CAN_TxMailbox2CompleteCallback       0x0800220b   Thumb Code     2  stm32f4xx_hal_can.o(i.HAL_CAN_TxMailbox2CompleteCallback)
    HAL_CAN_WakeUpFromRxMsgCallback          0x0800220d   Thumb Code     2  stm32f4xx_hal_can.o(i.HAL_CAN_WakeUpFromRxMsgCallback)
    HAL_DMA_Abort                            0x0800220f   Thumb Code   172  stm32f4xx_hal_dma.o(i.HAL_DMA_Abort)
    HAL_DMA_Abort_IT                         0x080022bb   Thumb Code    40  stm32f4xx_hal_dma.o(i.HAL_DMA_Abort_IT)
    HAL_DMA_IRQHandler                       0x080022e5   Thumb Code   570  stm32f4xx_hal_dma.o(i.HAL_DMA_IRQHandler)
    HAL_DMA_Init                             0x08002525   Thumb Code   232  stm32f4xx_hal_dma.o(i.HAL_DMA_Init)
    HAL_DMA_Start_IT                         0x08002611   Thumb Code   146  stm32f4xx_hal_dma.o(i.HAL_DMA_Start_IT)
    HAL_Delay                                0x080026a5   Thumb Code    36  stm32f4xx_hal.o(i.HAL_Delay)
    HAL_GPIO_Init                            0x080026cd   Thumb Code   454  stm32f4xx_hal_gpio.o(i.HAL_GPIO_Init)
    HAL_GetTick                              0x080028c1   Thumb Code     6  stm32f4xx_hal.o(i.HAL_GetTick)
    HAL_IncTick                              0x080028cd   Thumb Code    16  stm32f4xx_hal.o(i.HAL_IncTick)
    HAL_Init                                 0x080028e5   Thumb Code    54  stm32f4xx_hal.o(i.HAL_Init)
    HAL_InitTick                             0x08002921   Thumb Code   160  stm32f4xx_hal_timebase_tim.o(i.HAL_InitTick)
    HAL_MspInit                              0x080029d5   Thumb Code    78  stm32f4xx_hal_msp.o(i.HAL_MspInit)
    HAL_NVIC_EnableIRQ                       0x08002a29   Thumb Code    32  stm32f4xx_hal_cortex.o(i.HAL_NVIC_EnableIRQ)
    HAL_NVIC_SetPriority                     0x08002a49   Thumb Code   124  stm32f4xx_hal_cortex.o(i.HAL_NVIC_SetPriority)
    HAL_NVIC_SetPriorityGrouping             0x08002ac5   Thumb Code    32  stm32f4xx_hal_cortex.o(i.HAL_NVIC_SetPriorityGrouping)
    HAL_RCC_ClockConfig                      0x08002aed   Thumb Code   368  stm32f4xx_hal_rcc.o(i.HAL_RCC_ClockConfig)
    HAL_RCC_GetClockConfig                   0x08002c71   Thumb Code    58  stm32f4xx_hal_rcc.o(i.HAL_RCC_GetClockConfig)
    HAL_RCC_GetHCLKFreq                      0x08002cb5   Thumb Code     6  stm32f4xx_hal_rcc.o(i.HAL_RCC_GetHCLKFreq)
    HAL_RCC_GetPCLK1Freq                     0x08002cc1   Thumb Code    22  stm32f4xx_hal_rcc.o(i.HAL_RCC_GetPCLK1Freq)
    HAL_RCC_GetPCLK2Freq                     0x08002ce1   Thumb Code    22  stm32f4xx_hal_rcc.o(i.HAL_RCC_GetPCLK2Freq)
    HAL_RCC_GetSysClockFreq                  0x08002d01   Thumb Code   162  stm32f4xx_hal_rcc.o(i.HAL_RCC_GetSysClockFreq)
    HAL_RCC_OscConfig                        0x08002db1   Thumb Code  1172  stm32f4xx_hal_rcc.o(i.HAL_RCC_OscConfig)
    HAL_TIMEx_BreakCallback                  0x0800324d   Thumb Code     2  stm32f4xx_hal_tim_ex.o(i.HAL_TIMEx_BreakCallback)
    HAL_TIMEx_CommutCallback                 0x0800324f   Thumb Code     2  stm32f4xx_hal_tim_ex.o(i.HAL_TIMEx_CommutCallback)
    HAL_TIM_Base_Init                        0x08003251   Thumb Code   102  stm32f4xx_hal_tim.o(i.HAL_TIM_Base_Init)
    HAL_TIM_Base_MspInit                     0x080032b7   Thumb Code     2  stm32f4xx_hal_tim.o(i.HAL_TIM_Base_MspInit)
    HAL_TIM_Base_Start_IT                    0x080032b9   Thumb Code   138  stm32f4xx_hal_tim.o(i.HAL_TIM_Base_Start_IT)
    HAL_TIM_IC_CaptureCallback               0x08003361   Thumb Code     2  stm32f4xx_hal_tim.o(i.HAL_TIM_IC_CaptureCallback)
    HAL_TIM_IRQHandler                       0x08003363   Thumb Code   406  stm32f4xx_hal_tim.o(i.HAL_TIM_IRQHandler)
    HAL_TIM_OC_DelayElapsedCallback          0x080034f9   Thumb Code     2  stm32f4xx_hal_tim.o(i.HAL_TIM_OC_DelayElapsedCallback)
    HAL_TIM_PWM_PulseFinishedCallback        0x080034fb   Thumb Code     2  stm32f4xx_hal_tim.o(i.HAL_TIM_PWM_PulseFinishedCallback)
    HAL_TIM_PeriodElapsedCallback            0x080034fd   Thumb Code    18  main.o(i.HAL_TIM_PeriodElapsedCallback)
    HAL_TIM_TriggerCallback                  0x08003515   Thumb Code     2  stm32f4xx_hal_tim.o(i.HAL_TIM_TriggerCallback)
    HAL_UARTEx_RxEventCallback               0x08003517   Thumb Code     2  stm32f4xx_hal_uart.o(i.HAL_UARTEx_RxEventCallback)
    HAL_UART_DMAStop                         0x08003519   Thumb Code   138  stm32f4xx_hal_uart.o(i.HAL_UART_DMAStop)
    HAL_UART_ErrorCallback                   0x080035a3   Thumb Code     2  stm32f4xx_hal_uart.o(i.HAL_UART_ErrorCallback)
    HAL_UART_IRQHandler                      0x080035a5   Thumb Code   732  stm32f4xx_hal_uart.o(i.HAL_UART_IRQHandler)
    HAL_UART_Init                            0x08003885   Thumb Code   114  stm32f4xx_hal_uart.o(i.HAL_UART_Init)
    HAL_UART_MspInit                         0x080038f9   Thumb Code   384  usart.o(i.HAL_UART_MspInit)
    HAL_UART_Receive_DMA                     0x08003a99   Thumb Code    66  stm32f4xx_hal_uart.o(i.HAL_UART_Receive_DMA)
    HAL_UART_RxCpltCallback                  0x08003adb   Thumb Code     2  stm32f4xx_hal_uart.o(i.HAL_UART_RxCpltCallback)
    HAL_UART_RxHalfCpltCallback              0x08003add   Thumb Code     2  stm32f4xx_hal_uart.o(i.HAL_UART_RxHalfCpltCallback)
    HAL_UART_TxCpltCallback                  0x08003adf   Thumb Code     2  stm32f4xx_hal_uart.o(i.HAL_UART_TxCpltCallback)
    HardFault_Handler                        0x08003ae1   Thumb Code     4  stm32f4xx_it.o(i.HardFault_Handler)
    MX_CAN1_Init                             0x08003b95   Thumb Code    64  can.o(i.MX_CAN1_Init)
    MX_CAN2_Init                             0x08003bdd   Thumb Code    64  can.o(i.MX_CAN2_Init)
    MX_DMA_Init                              0x08003c25   Thumb Code    52  dma.o(i.MX_DMA_Init)
    MX_FREERTOS_Init                         0x08003c5d   Thumb Code    60  freertos.o(i.MX_FREERTOS_Init)
    MX_GPIO_Init                             0x08003cc9   Thumb Code   156  gpio.o(i.MX_GPIO_Init)
    MX_UART5_Init                            0x08003d69   Thumb Code    50  usart.o(i.MX_UART5_Init)
    MX_USART3_UART_Init                      0x08003da9   Thumb Code    50  usart.o(i.MX_USART3_UART_Init)
    MemManage_Handler                        0x08003de9   Thumb Code     4  stm32f4xx_it.o(i.MemManage_Handler)
    NMI_Handler                              0x08003ded   Thumb Code     4  stm32f4xx_it.o(i.NMI_Handler)
    PULSE_INIT                               0x08003df1   Thumb Code   138  impulse.o(i.PULSE_INIT)
    PULSE_UPDATE                             0x08003e85   Thumb Code  4478  impulse.o(i.PULSE_UPDATE)
    Rcv_DealData                             0x08005009   Thumb Code    72  main.o(i.Rcv_DealData)
    Rcv_IdleCallback                         0x0800505d   Thumb Code    58  main.o(i.Rcv_IdleCallback)
    StartDefaultTask                         0x080050a1   Thumb Code    10  freertos.o(i.StartDefaultTask)
    StartTask02                              0x080050ad   Thumb Code   678  freertos.o(i.StartTask02)
    StartTask03                              0x08005371   Thumb Code   116  freertos.o(i.StartTask03)
    StartTask04                              0x080053f1   Thumb Code   572  freertos.o(i.StartTask04)
    SysTick_Handler                          0x08005671   Thumb Code    22  cmsis_os2.o(i.SysTick_Handler)
    SystemClock_Config                       0x08005689   Thumb Code   170  main.o(i.SystemClock_Config)
    SystemInit                               0x0800573d   Thumb Code    14  system_stm32f4xx.o(i.SystemInit)
    TIM7_IRQHandler                          0x08005751   Thumb Code    10  stm32f4xx_it.o(i.TIM7_IRQHandler)
    TIM_Base_SetConfig                       0x08005761   Thumb Code   170  stm32f4xx_hal_tim.o(i.TIM_Base_SetConfig)
    UART5_IRQHandler                         0x08005839   Thumb Code    14  stm32f4xx_it.o(i.UART5_IRQHandler)
    UART_Start_Receive_DMA                   0x08005d59   Thumb Code   196  stm32f4xx_hal_uart.o(i.UART_Start_Receive_DMA)
    USART3_IRQHandler                        0x08005e89   Thumb Code    10  stm32f4xx_it.o(i.USART3_IRQHandler)
    UsageFault_Handler                       0x08005e99   Thumb Code     4  stm32f4xx_it.o(i.UsageFault_Handler)
    __ARM_fpclassifyf                        0x08005e9d   Thumb Code    38  fpclassifyf.o(i.__ARM_fpclassifyf)
    __hardfp_acosf                           0x08005f05   Thumb Code   234  acosf.o(i.__hardfp_acosf)
    __hardfp_asinf                           0x0800601d   Thumb Code   258  asinf.o(i.__hardfp_asinf)
    __hardfp_sinf                            0x08006149   Thumb Code   344  sinf.o(i.__hardfp_sinf)
    __hardfp_sqrtf                           0x080062d9   Thumb Code    58  sqrtf.o(i.__hardfp_sqrtf)
    __mathlib_flt_infnan                     0x08006313   Thumb Code     6  funder.o(i.__mathlib_flt_infnan)
    __mathlib_flt_invalid                    0x08006319   Thumb Code    10  funder.o(i.__mathlib_flt_invalid)
    __mathlib_flt_underflow                  0x08006329   Thumb Code    10  funder.o(i.__mathlib_flt_underflow)
    __mathlib_rredf2                         0x08006339   Thumb Code   316  rredf.o(i.__mathlib_rredf2)
    __scatterload_copy                       0x0800648d   Thumb Code    14  handlers.o(i.__scatterload_copy)
    __scatterload_null                       0x0800649b   Thumb Code     2  handlers.o(i.__scatterload_null)
    __scatterload_zeroinit                   0x0800649d   Thumb Code    14  handlers.o(i.__scatterload_zeroinit)
    __set_errno                              0x080064ad   Thumb Code     6  errno.o(i.__set_errno)
    can_filter_init                          0x080064b9   Thumb Code   116  ht03.o(i.can_filter_init)
    main                                     0x08006569   Thumb Code   148  main.o(i.main)
    osDelay                                  0x0800660d   Thumb Code    30  cmsis_os2.o(i.osDelay)
    osKernelInitialize                       0x0800662d   Thumb Code    38  cmsis_os2.o(i.osKernelInitialize)
    osKernelStart                            0x08006659   Thumb Code    82  cmsis_os2.o(i.osKernelStart)
    osThreadNew                              0x080066b9   Thumb Code   184  cmsis_os2.o(i.osThreadNew)
    pvPortMalloc                             0x08007195   Thumb Code   306  heap_4.o(i.pvPortMalloc)
    pxPortInitialiseStack                    0x080072e1   Thumb Code    38  port.o(i.pxPortInitialiseStack)
    sqrtf                                    0x0800730d   Thumb Code    62  sqrtf.o(i.sqrtf)
    update_sbus                              0x0800758d   Thumb Code   354  sbus.o(i.update_sbus)
    uxListRemove                             0x080076f5   Thumb Code    40  list.o(i.uxListRemove)
    vApplicationGetIdleTaskMemory            0x0800771d   Thumb Code    14  cmsis_os2.o(i.vApplicationGetIdleTaskMemory)
    vApplicationGetTimerTaskMemory           0x08007735   Thumb Code    16  cmsis_os2.o(i.vApplicationGetTimerTaskMemory)
    vListInitialise                          0x0800774d   Thumb Code    26  list.o(i.vListInitialise)
    vListInitialiseItem                      0x08007767   Thumb Code     6  list.o(i.vListInitialiseItem)
    vListInsert                              0x0800776d   Thumb Code    52  list.o(i.vListInsert)
    vListInsertEnd                           0x080077a1   Thumb Code    24  list.o(i.vListInsertEnd)
    vPortEnterCritical                       0x080077b9   Thumb Code    76  port.o(i.vPortEnterCritical)
    vPortExitCritical                        0x0800780d   Thumb Code    56  port.o(i.vPortExitCritical)
    vPortFree                                0x08007849   Thumb Code   150  heap_4.o(i.vPortFree)
    vPortSetupTimerInterrupt                 0x080078ed   Thumb Code    36  port.o(i.vPortSetupTimerInterrupt)
    vPortValidateInterruptPriority           0x08007915   Thumb Code   106  port.o(i.vPortValidateInterruptPriority)
    vQueueAddToRegistry                      0x0800798d   Thumb Code    38  queue.o(i.vQueueAddToRegistry)
    vQueueWaitForMessageRestricted           0x080079b9   Thumb Code    74  queue.o(i.vQueueWaitForMessageRestricted)
    vTaskDelay                               0x08007a05   Thumb Code    82  tasks.o(i.vTaskDelay)
    vTaskInternalSetTimeOutState             0x08007a61   Thumb Code    14  tasks.o(i.vTaskInternalSetTimeOutState)
    vTaskMissedYield                         0x08007a79   Thumb Code     8  tasks.o(i.vTaskMissedYield)
    vTaskPlaceOnEventList                    0x08007a85   Thumb Code    52  tasks.o(i.vTaskPlaceOnEventList)
    vTaskPlaceOnEventListRestricted          0x08007abd   Thumb Code    60  tasks.o(i.vTaskPlaceOnEventListRestricted)
    vTaskStartScheduler                      0x08007afd   Thumb Code   156  tasks.o(i.vTaskStartScheduler)
    vTaskSuspendAll                          0x08007bb5   Thumb Code    12  tasks.o(i.vTaskSuspendAll)
    vTaskSwitchContext                       0x08007bc5   Thumb Code   122  tasks.o(i.vTaskSwitchContext)
    xPortStartScheduler                      0x08007c55   Thumb Code   330  port.o(i.xPortStartScheduler)
    xPortSysTickHandler                      0x08007dbd   Thumb Code    46  port.o(i.xPortSysTickHandler)
    xQueueGenericCreateStatic                0x08007df1   Thumb Code   224  queue.o(i.xQueueGenericCreateStatic)
    xQueueGenericReset                       0x08007ed1   Thumb Code   146  queue.o(i.xQueueGenericReset)
    xQueueGenericSend                        0x08007f69   Thumb Code   420  queue.o(i.xQueueGenericSend)
    xQueueGenericSendFromISR                 0x08008111   Thumb Code   252  queue.o(i.xQueueGenericSendFromISR)
    xQueueReceive                            0x0800820d   Thumb Code   356  queue.o(i.xQueueReceive)
    xTaskCheckForTimeOut                     0x08008375   Thumb Code   132  tasks.o(i.xTaskCheckForTimeOut)
    xTaskCreate                              0x08008401   Thumb Code   100  tasks.o(i.xTaskCreate)
    xTaskCreateStatic                        0x08008465   Thumb Code   186  tasks.o(i.xTaskCreateStatic)
    xTaskGetSchedulerState                   0x08008521   Thumb Code    24  tasks.o(i.xTaskGetSchedulerState)
    xTaskGetTickCount                        0x08008541   Thumb Code     6  tasks.o(i.xTaskGetTickCount)
    xTaskIncrementTick                       0x0800854d   Thumb Code   280  tasks.o(i.xTaskIncrementTick)
    xTaskPriorityDisinherit                  0x08008691   Thumb Code   152  tasks.o(i.xTaskPriorityDisinherit)
    xTaskRemoveFromEventList                 0x08008735   Thumb Code   126  tasks.o(i.xTaskRemoveFromEventList)
    xTaskResumeAll                           0x080087cd   Thumb Code   222  tasks.o(i.xTaskResumeAll)
    xTimerCreateTimerTask                    0x080088d1   Thumb Code   100  timers.o(i.xTimerCreateTimerTask)
    xTimerGenericCommand                     0x08008949   Thumb Code   128  timers.o(i.xTimerGenericCommand)
    defaultTask_attributes                   0x080089cc   Data          36  freertos.o(.constdata)
    myTask02_attributes                      0x080089f0   Data          36  freertos.o(.constdata)
    MatlabFuction_attributes                 0x08008a14   Data          36  freertos.o(.constdata)
    myTask04_attributes                      0x08008a38   Data          36  freertos.o(.constdata)
    AHBPrescTable                            0x08008a64   Data          16  system_stm32f4xx.o(.constdata)
    APBPrescTable                            0x08008a74   Data           8  system_stm32f4xx.o(.constdata)
    Region$$Table$$Base                      0x08008ad0   Number         0  anon$$obj.o(Region$$Table)
    Region$$Table$$Limit                     0x08008af0   Number         0  anon$$obj.o(Region$$Table)
    CH3                                      0x20000000   Data           4  main.o(.data)
    CH1                                      0x20000004   Data           4  main.o(.data)
    CH2                                      0x20000008   Data           4  main.o(.data)
    CH3_gain                                 0x2000000c   Data           4  main.o(.data)
    LTH_gain                                 0x20000010   Data           4  main.o(.data)
    stauts                                   0x20000014   Data           4  main.o(.data)
    j                                        0x20000018   Data           4  main.o(.data)
    rcv_flag                                 0x2000001c   Data           4  main.o(.data)
    update                                   0x20000020   Data           4  freertos.o(.data)
    defaultTaskHandle                        0x20000024   Data           4  freertos.o(.data)
    myTask02Handle                           0x20000028   Data           4  freertos.o(.data)
    MatlabFuctionHandle                      0x2000002c   Data           4  freertos.o(.data)
    myTask04Handle                           0x20000030   Data           4  freertos.o(.data)
    uwTick                                   0x20000038   Data           4  stm32f4xx_hal.o(.data)
    uwTickPrio                               0x2000003c   Data           4  stm32f4xx_hal.o(.data)
    uwTickFreq                               0x20000040   Data           1  stm32f4xx_hal.o(.data)
    SystemCoreClock                          0x20000044   Data           4  system_stm32f4xx.o(.data)
    pxCurrentTCB                             0x20000048   Data           4  tasks.o(.data)
    commandbuf                               0x200000c8   Data           8  ht03.o(.data)
    databuf                                  0x200000d0   Data           8  ht03.o(.data)
    MOTORID                                  0x200000d8   Data           8  ht03.o(.data)
    motor_state                              0x200000e0   Data           1  ht03.o(.data)
    rcv_buf                                  0x200000e8   Data          64  main.o(.bss)
    MatlabFuctionBuffer                      0x20000128   Data        1024  freertos.o(.bss)
    MatlabFuctionControlBlock                0x20000528   Data          92  freertos.o(.bss)
    hcan1                                    0x20000584   Data          40  can.o(.bss)
    hcan2                                    0x200005ac   Data          40  can.o(.bss)
    huart5                                   0x200005d4   Data          68  usart.o(.bss)
    huart3                                   0x20000618   Data          68  usart.o(.bss)
    hdma_uart5_rx                            0x2000065c   Data          96  usart.o(.bss)
    htim7                                    0x200006bc   Data          72  stm32f4xx_hal_timebase_tim.o(.bss)
    xQueueRegistry                           0x20000704   Data          64  queue.o(.bss)
    SBUS_CH                                  0x20004fd8   Data          84  sbus.o(.bss)
    motor_data                               0x2000502c   Data         128  ht03.o(.bss)
    PULSE_data                               0x200050ac   Data         144  impulse.o(.bss)
    rtU                                      0x2000513c   Data          48  controller0.o(.bss)
    rtY                                      0x2000516c   Data          32  controller0.o(.bss)
    __initial_sp                             0x20005590   Data           0  startup_stm32f407xx.o(STACK)



==============================================================================

Memory Map of the image

  Image Entry point : 0x08000189

  Load Region LR_IROM1 (Base: 0x08000000, Size: 0x00008bd8, Max: 0x00100000, ABSOLUTE)

    Execution Region ER_IROM1 (Exec base: 0x08000000, Load base: 0x08000000, Size: 0x00008af0, Max: 0x00100000, ABSOLUTE)

    Exec Addr    Load Addr    Size         Type   Attr      Idx    E Section Name        Object

    0x08000000   0x08000000   0x00000188   Data   RO            3    RESET               startup_stm32f407xx.o
    0x08000188   0x08000188   0x00000000   Code   RO         5635  * .ARM.Collect$$$$00000000  mc_w.l(entry.o)
    0x08000188   0x08000188   0x00000004   Code   RO         5681    .ARM.Collect$$$$00000001  mc_w.l(entry2.o)
    0x0800018c   0x0800018c   0x00000004   Code   RO         5684    .ARM.Collect$$$$00000004  mc_w.l(entry5.o)
    0x08000190   0x08000190   0x00000000   Code   RO         5686    .ARM.Collect$$$$00000008  mc_w.l(entry7b.o)
    0x08000190   0x08000190   0x00000000   Code   RO         5688    .ARM.Collect$$$$0000000A  mc_w.l(entry8b.o)
    0x08000190   0x08000190   0x00000008   Code   RO         5689    .ARM.Collect$$$$0000000B  mc_w.l(entry9a.o)
    0x08000198   0x08000198   0x00000004   Code   RO         5696    .ARM.Collect$$$$0000000E  mc_w.l(entry12b.o)
    0x0800019c   0x0800019c   0x00000000   Code   RO         5691    .ARM.Collect$$$$0000000F  mc_w.l(entry10a.o)
    0x0800019c   0x0800019c   0x00000000   Code   RO         5693    .ARM.Collect$$$$00000011  mc_w.l(entry11a.o)
    0x0800019c   0x0800019c   0x00000004   Code   RO         5682    .ARM.Collect$$$$00002712  mc_w.l(entry2.o)
    0x080001a0   0x080001a0   0x000000be   Code   RO         5277    .emb_text           port.o
    0x0800025e   0x0800025e   0x00000002   PAD
    0x08000260   0x08000260   0x00000024   Code   RO            4    .text               startup_stm32f407xx.o
    0x08000284   0x08000284   0x00000062   Code   RO         5638    .text               mc_w.l(uldiv.o)
    0x080002e6   0x080002e6   0x00000024   Code   RO         5640    .text               mc_w.l(memcpya.o)
    0x0800030a   0x0800030a   0x00000024   Code   RO         5644    .text               mc_w.l(memseta.o)
    0x0800032e   0x0800032e   0x0000014e   Code   RO         5648    .text               mf_w.l(dadd.o)
    0x0800047c   0x0800047c   0x000000e4   Code   RO         5650    .text               mf_w.l(dmul.o)
    0x08000560   0x08000560   0x000000de   Code   RO         5652    .text               mf_w.l(ddiv.o)
    0x0800063e   0x0800063e   0x00000026   Code   RO         5654    .text               mf_w.l(f2d.o)
    0x08000664   0x08000664   0x00000030   Code   RO         5656    .text               mf_w.l(cdcmple.o)
    0x08000694   0x08000694   0x00000030   Code   RO         5658    .text               mf_w.l(cdrcmple.o)
    0x080006c4   0x080006c4   0x00000038   Code   RO         5660    .text               mf_w.l(d2f.o)
    0x080006fc   0x080006fc   0x0000001e   Code   RO         5697    .text               mc_w.l(llshl.o)
    0x0800071a   0x0800071a   0x00000020   Code   RO         5699    .text               mc_w.l(llushr.o)
    0x0800073a   0x0800073a   0x00000024   Code   RO         5701    .text               mc_w.l(llsshr.o)
    0x0800075e   0x0800075e   0x00000000   Code   RO         5710    .text               mc_w.l(iusefp.o)
    0x0800075e   0x0800075e   0x0000006e   Code   RO         5711    .text               mf_w.l(fepilogue.o)
    0x080007cc   0x080007cc   0x000000ba   Code   RO         5713    .text               mf_w.l(depilogue.o)
    0x08000886   0x08000886   0x00000002   PAD
    0x08000888   0x08000888   0x00000024   Code   RO         5715    .text               mc_w.l(init.o)
    0x080008ac   0x080008ac   0x00000004   Code   RO          543    i.BusFault_Handler  stm32f4xx_it.o
    0x080008b0   0x080008b0   0x00000010   Code   RO          544    i.CAN1_RX0_IRQHandler  stm32f4xx_it.o
    0x080008c0   0x080008c0   0x00000010   Code   RO          545    i.CAN1_TX_IRQHandler  stm32f4xx_it.o
    0x080008d0   0x080008d0   0x00000010   Code   RO          546    i.CAN2_RX0_IRQHandler  stm32f4xx_it.o
    0x080008e0   0x080008e0   0x00000010   Code   RO          547    i.CAN2_TX_IRQHandler  stm32f4xx_it.o
    0x080008f0   0x080008f0   0x00000002   Code   RO         5542    i.CONTROLLER0_initialize  controller0.o
    0x080008f2   0x080008f2   0x00000002   PAD
    0x080008f4   0x080008f4   0x00000394   Code   RO         5543    i.CONTROLLER0_step  controller0.o
    0x08000c88   0x08000c88   0x00000070   Code   RO         5394    i.CanComm_ControlCmd  ht03.o
    0x08000cf8   0x08000cf8   0x000001f8   Code   RO         5395    i.CanComm_SendControlPara  ht03.o
    0x08000ef0   0x08000ef0   0x00000488   Code   RO         5396    i.CanMOTOR_Init     ht03.o
    0x08001378   0x08001378   0x00000190   Code   RO         5397    i.CanMotorUpdate_NULL  ht03.o
    0x08001508   0x08001508   0x0000002e   Code   RO         5398    i.CanTransmit       ht03.o
    0x08001536   0x08001536   0x00000002   PAD
    0x08001538   0x08001538   0x00000010   Code   RO          548    i.DMA1_Stream0_IRQHandler  stm32f4xx_it.o
    0x08001548   0x08001548   0x00000034   Code   RO         1450    i.DMA_CalcBaseAndBitshift  stm32f4xx_hal_dma.o
    0x0800157c   0x0800157c   0x000000aa   Code   RO         1451    i.DMA_CheckFifoParam  stm32f4xx_hal_dma.o
    0x08001626   0x08001626   0x0000002c   Code   RO         1452    i.DMA_SetConfig     stm32f4xx_hal_dma.o
    0x08001652   0x08001652   0x00000002   Code   RO          549    i.DebugMon_Handler  stm32f4xx_it.o
    0x08001654   0x08001654   0x00000006   Code   RO           13    i.Error_Handler     main.o
    0x0800165a   0x0800165a   0x0000002a   Code   RO          713    i.HAL_CAN_ActivateNotification  stm32f4xx_hal_can.o
    0x08001684   0x08001684   0x00000156   Code   RO          714    i.HAL_CAN_AddTxMessage  stm32f4xx_hal_can.o
    0x080017da   0x080017da   0x00000002   PAD
    0x080017dc   0x080017dc   0x00000124   Code   RO          715    i.HAL_CAN_ConfigFilter  stm32f4xx_hal_can.o
    0x08001900   0x08001900   0x00000002   Code   RO          718    i.HAL_CAN_ErrorCallback  stm32f4xx_hal_can.o
    0x08001902   0x08001902   0x0000017a   Code   RO          721    i.HAL_CAN_GetRxMessage  stm32f4xx_hal_can.o
    0x08001a7c   0x08001a7c   0x0000024e   Code   RO          725    i.HAL_CAN_IRQHandler  stm32f4xx_hal_can.o
    0x08001cca   0x08001cca   0x00000174   Code   RO          726    i.HAL_CAN_Init      stm32f4xx_hal_can.o
    0x08001e3e   0x08001e3e   0x00000002   PAD
    0x08001e40   0x08001e40   0x00000180   Code   RO          420    i.HAL_CAN_MspInit   can.o
    0x08001fc0   0x08001fc0   0x00000002   Code   RO          733    i.HAL_CAN_RxFifo0FullCallback  stm32f4xx_hal_can.o
    0x08001fc2   0x08001fc2   0x00000002   PAD
    0x08001fc4   0x08001fc4   0x000001d8   Code   RO         5399    i.HAL_CAN_RxFifo0MsgPendingCallback  ht03.o
    0x0800219c   0x0800219c   0x00000002   Code   RO          735    i.HAL_CAN_RxFifo1FullCallback  stm32f4xx_hal_can.o
    0x0800219e   0x0800219e   0x00000002   Code   RO          736    i.HAL_CAN_RxFifo1MsgPendingCallback  stm32f4xx_hal_can.o
    0x080021a0   0x080021a0   0x00000002   Code   RO          737    i.HAL_CAN_SleepCallback  stm32f4xx_hal_can.o
    0x080021a2   0x080021a2   0x0000005e   Code   RO          738    i.HAL_CAN_Start     stm32f4xx_hal_can.o
    0x08002200   0x08002200   0x00000002   Code   RO          740    i.HAL_CAN_TxMailbox0AbortCallback  stm32f4xx_hal_can.o
    0x08002202   0x08002202   0x00000002   Code   RO          741    i.HAL_CAN_TxMailbox0CompleteCallback  stm32f4xx_hal_can.o
    0x08002204   0x08002204   0x00000002   Code   RO          742    i.HAL_CAN_TxMailbox1AbortCallback  stm32f4xx_hal_can.o
    0x08002206   0x08002206   0x00000002   Code   RO          743    i.HAL_CAN_TxMailbox1CompleteCallback  stm32f4xx_hal_can.o
    0x08002208   0x08002208   0x00000002   Code   RO          744    i.HAL_CAN_TxMailbox2AbortCallback  stm32f4xx_hal_can.o
    0x0800220a   0x0800220a   0x00000002   Code   RO          745    i.HAL_CAN_TxMailbox2CompleteCallback  stm32f4xx_hal_can.o
    0x0800220c   0x0800220c   0x00000002   Code   RO          747    i.HAL_CAN_WakeUpFromRxMsgCallback  stm32f4xx_hal_can.o
    0x0800220e   0x0800220e   0x000000ac   Code   RO         1453    i.HAL_DMA_Abort     stm32f4xx_hal_dma.o
    0x080022ba   0x080022ba   0x00000028   Code   RO         1454    i.HAL_DMA_Abort_IT  stm32f4xx_hal_dma.o
    0x080022e2   0x080022e2   0x00000002   PAD
    0x080022e4   0x080022e4   0x00000240   Code   RO         1458    i.HAL_DMA_IRQHandler  stm32f4xx_hal_dma.o
    0x08002524   0x08002524   0x000000ec   Code   RO         1459    i.HAL_DMA_Init      stm32f4xx_hal_dma.o
    0x08002610   0x08002610   0x00000092   Code   RO         1463    i.HAL_DMA_Start_IT  stm32f4xx_hal_dma.o
    0x080026a2   0x080026a2   0x00000002   PAD
    0x080026a4   0x080026a4   0x00000028   Code   RO         1877    i.HAL_Delay         stm32f4xx_hal.o
    0x080026cc   0x080026cc   0x000001f4   Code   RO         1346    i.HAL_GPIO_Init     stm32f4xx_hal_gpio.o
    0x080028c0   0x080028c0   0x0000000c   Code   RO         1883    i.HAL_GetTick       stm32f4xx_hal.o
    0x080028cc   0x080028cc   0x00000018   Code   RO         1889    i.HAL_IncTick       stm32f4xx_hal.o
    0x080028e4   0x080028e4   0x0000003c   Code   RO         1890    i.HAL_Init          stm32f4xx_hal.o
    0x08002920   0x08002920   0x000000b4   Code   RO          673    i.HAL_InitTick      stm32f4xx_hal_timebase_tim.o
    0x080029d4   0x080029d4   0x00000054   Code   RO          649    i.HAL_MspInit       stm32f4xx_hal_msp.o
    0x08002a28   0x08002a28   0x00000020   Code   RO         1735    i.HAL_NVIC_EnableIRQ  stm32f4xx_hal_cortex.o
    0x08002a48   0x08002a48   0x0000007c   Code   RO         1741    i.HAL_NVIC_SetPriority  stm32f4xx_hal_cortex.o
    0x08002ac4   0x08002ac4   0x00000028   Code   RO         1742    i.HAL_NVIC_SetPriorityGrouping  stm32f4xx_hal_cortex.o
    0x08002aec   0x08002aec   0x00000184   Code   RO          947    i.HAL_RCC_ClockConfig  stm32f4xx_hal_rcc.o
    0x08002c70   0x08002c70   0x00000044   Code   RO          951    i.HAL_RCC_GetClockConfig  stm32f4xx_hal_rcc.o
    0x08002cb4   0x08002cb4   0x0000000c   Code   RO          952    i.HAL_RCC_GetHCLKFreq  stm32f4xx_hal_rcc.o
    0x08002cc0   0x08002cc0   0x00000020   Code   RO          954    i.HAL_RCC_GetPCLK1Freq  stm32f4xx_hal_rcc.o
    0x08002ce0   0x08002ce0   0x00000020   Code   RO          955    i.HAL_RCC_GetPCLK2Freq  stm32f4xx_hal_rcc.o
    0x08002d00   0x08002d00   0x000000b0   Code   RO          956    i.HAL_RCC_GetSysClockFreq  stm32f4xx_hal_rcc.o
    0x08002db0   0x08002db0   0x0000049c   Code   RO          959    i.HAL_RCC_OscConfig  stm32f4xx_hal_rcc.o
    0x0800324c   0x0800324c   0x00000002   Code   RO         2845    i.HAL_TIMEx_BreakCallback  stm32f4xx_hal_tim_ex.o
    0x0800324e   0x0800324e   0x00000002   Code   RO         2846    i.HAL_TIMEx_CommutCallback  stm32f4xx_hal_tim_ex.o
    0x08003250   0x08003250   0x00000066   Code   RO         2130    i.HAL_TIM_Base_Init  stm32f4xx_hal_tim.o
    0x080032b6   0x080032b6   0x00000002   Code   RO         2132    i.HAL_TIM_Base_MspInit  stm32f4xx_hal_tim.o
    0x080032b8   0x080032b8   0x000000a8   Code   RO         2135    i.HAL_TIM_Base_Start_IT  stm32f4xx_hal_tim.o
    0x08003360   0x08003360   0x00000002   Code   RO         2164    i.HAL_TIM_IC_CaptureCallback  stm32f4xx_hal_tim.o
    0x08003362   0x08003362   0x00000196   Code   RO         2178    i.HAL_TIM_IRQHandler  stm32f4xx_hal_tim.o
    0x080034f8   0x080034f8   0x00000002   Code   RO         2181    i.HAL_TIM_OC_DelayElapsedCallback  stm32f4xx_hal_tim.o
    0x080034fa   0x080034fa   0x00000002   Code   RO         2208    i.HAL_TIM_PWM_PulseFinishedCallback  stm32f4xx_hal_tim.o
    0x080034fc   0x080034fc   0x00000018   Code   RO           14    i.HAL_TIM_PeriodElapsedCallback  main.o
    0x08003514   0x08003514   0x00000002   Code   RO         2221    i.HAL_TIM_TriggerCallback  stm32f4xx_hal_tim.o
    0x08003516   0x08003516   0x00000002   Code   RO         3123    i.HAL_UARTEx_RxEventCallback  stm32f4xx_hal_uart.o
    0x08003518   0x08003518   0x0000008a   Code   RO         3135    i.HAL_UART_DMAStop  stm32f4xx_hal_uart.o
    0x080035a2   0x080035a2   0x00000002   Code   RO         3137    i.HAL_UART_ErrorCallback  stm32f4xx_hal_uart.o
    0x080035a4   0x080035a4   0x000002e0   Code   RO         3140    i.HAL_UART_IRQHandler  stm32f4xx_hal_uart.o
    0x08003884   0x08003884   0x00000072   Code   RO         3141    i.HAL_UART_Init     stm32f4xx_hal_uart.o
    0x080038f6   0x080038f6   0x00000002   PAD
    0x080038f8   0x080038f8   0x000001a0   Code   RO          496    i.HAL_UART_MspInit  usart.o
    0x08003a98   0x08003a98   0x00000042   Code   RO         3145    i.HAL_UART_Receive_DMA  stm32f4xx_hal_uart.o
    0x08003ada   0x08003ada   0x00000002   Code   RO         3147    i.HAL_UART_RxCpltCallback  stm32f4xx_hal_uart.o
    0x08003adc   0x08003adc   0x00000002   Code   RO         3148    i.HAL_UART_RxHalfCpltCallback  stm32f4xx_hal_uart.o
    0x08003ade   0x08003ade   0x00000002   Code   RO         3152    i.HAL_UART_TxCpltCallback  stm32f4xx_hal_uart.o
    0x08003ae0   0x08003ae0   0x00000004   Code   RO          550    i.HardFault_Handler  stm32f4xx_it.o
    0x08003ae4   0x08003ae4   0x000000b0   Code   RO         5544    i.MATLABFunction1   controller0.o
    0x08003b94   0x08003b94   0x00000048   Code   RO          421    i.MX_CAN1_Init      can.o
    0x08003bdc   0x08003bdc   0x00000048   Code   RO          422    i.MX_CAN2_Init      can.o
    0x08003c24   0x08003c24   0x00000038   Code   RO          468    i.MX_DMA_Init       dma.o
    0x08003c5c   0x08003c5c   0x0000006c   Code   RO          356    i.MX_FREERTOS_Init  freertos.o
    0x08003cc8   0x08003cc8   0x000000a0   Code   RO          236    i.MX_GPIO_Init      gpio.o
    0x08003d68   0x08003d68   0x00000040   Code   RO          497    i.MX_UART5_Init     usart.o
    0x08003da8   0x08003da8   0x00000040   Code   RO          498    i.MX_USART3_UART_Init  usart.o
    0x08003de8   0x08003de8   0x00000004   Code   RO          551    i.MemManage_Handler  stm32f4xx_it.o
    0x08003dec   0x08003dec   0x00000004   Code   RO          552    i.NMI_Handler       stm32f4xx_it.o
    0x08003df0   0x08003df0   0x00000094   Code   RO         5476    i.PULSE_INIT        impulse.o
    0x08003e84   0x08003e84   0x00001184   Code   RO         5477    i.PULSE_UPDATE      impulse.o
    0x08005008   0x08005008   0x00000054   Code   RO           15    i.Rcv_DealData      main.o
    0x0800505c   0x0800505c   0x00000044   Code   RO           16    i.Rcv_IdleCallback  main.o
    0x080050a0   0x080050a0   0x0000000a   Code   RO          357    i.StartDefaultTask  freertos.o
    0x080050aa   0x080050aa   0x00000002   PAD
    0x080050ac   0x080050ac   0x000002c4   Code   RO          358    i.StartTask02       freertos.o
    0x08005370   0x08005370   0x00000080   Code   RO          359    i.StartTask03       freertos.o
    0x080053f0   0x080053f0   0x00000280   Code   RO          360    i.StartTask04       freertos.o
    0x08005670   0x08005670   0x00000016   Code   RO         4688    i.SysTick_Handler   cmsis_os2.o
    0x08005686   0x08005686   0x00000002   PAD
    0x08005688   0x08005688   0x000000b4   Code   RO           17    i.SystemClock_Config  main.o
    0x0800573c   0x0800573c   0x00000014   Code   RO         3480    i.SystemInit        system_stm32f4xx.o
    0x08005750   0x08005750   0x00000010   Code   RO          553    i.TIM7_IRQHandler   stm32f4xx_it.o
    0x08005760   0x08005760   0x000000d8   Code   RO         2223    i.TIM_Base_SetConfig  stm32f4xx_hal_tim.o
    0x08005838   0x08005838   0x00000014   Code   RO          554    i.UART5_IRQHandler  stm32f4xx_it.o
    0x0800584c   0x0800584c   0x00000014   Code   RO         3154    i.UART_DMAAbortOnError  stm32f4xx_hal_uart.o
    0x08005860   0x08005860   0x00000050   Code   RO         3155    i.UART_DMAError     stm32f4xx_hal_uart.o
    0x080058b0   0x080058b0   0x000000b0   Code   RO         3156    i.UART_DMAReceiveCplt  stm32f4xx_hal_uart.o
    0x08005960   0x08005960   0x00000020   Code   RO         3158    i.UART_DMARxHalfCplt  stm32f4xx_hal_uart.o
    0x08005980   0x08005980   0x0000006c   Code   RO         3164    i.UART_EndRxTransfer  stm32f4xx_hal_uart.o
    0x080059ec   0x080059ec   0x00000020   Code   RO         3165    i.UART_EndTransmit_IT  stm32f4xx_hal_uart.o
    0x08005a0c   0x08005a0c   0x00000026   Code   RO         3166    i.UART_EndTxTransfer  stm32f4xx_hal_uart.o
    0x08005a32   0x08005a32   0x000000f8   Code   RO         3167    i.UART_Receive_IT   stm32f4xx_hal_uart.o
    0x08005b2a   0x08005b2a   0x00000002   PAD
    0x08005b2c   0x08005b2c   0x0000022c   Code   RO         3168    i.UART_SetConfig    stm32f4xx_hal_uart.o
    0x08005d58   0x08005d58   0x000000d0   Code   RO         3169    i.UART_Start_Receive_DMA  stm32f4xx_hal_uart.o
    0x08005e28   0x08005e28   0x00000060   Code   RO         3171    i.UART_Transmit_IT  stm32f4xx_hal_uart.o
    0x08005e88   0x08005e88   0x00000010   Code   RO          555    i.USART3_IRQHandler  stm32f4xx_it.o
    0x08005e98   0x08005e98   0x00000004   Code   RO          556    i.UsageFault_Handler  stm32f4xx_it.o
    0x08005e9c   0x08005e9c   0x00000026   Code   RO         5662    i.__ARM_fpclassifyf  m_wm.l(fpclassifyf.o)
    0x08005ec2   0x08005ec2   0x00000002   PAD
    0x08005ec4   0x08005ec4   0x00000010   Code   RO         1748    i.__NVIC_GetPriorityGrouping  stm32f4xx_hal_cortex.o
    0x08005ed4   0x08005ed4   0x00000028   Code   RO         1749    i.__NVIC_SetPriority  stm32f4xx_hal_cortex.o
    0x08005efc   0x08005efc   0x00000006   Code   RO         4690    i.__get_IPSR        cmsis_os2.o
    0x08005f02   0x08005f02   0x00000002   PAD
    0x08005f04   0x08005f04   0x00000118   Code   RO         5587    i.__hardfp_acosf    m_wm.l(acosf.o)
    0x0800601c   0x0800601c   0x0000012c   Code   RO         5599    i.__hardfp_asinf    m_wm.l(asinf.o)
    0x08006148   0x08006148   0x00000190   Code   RO         5611    i.__hardfp_sinf     m_wm.l(sinf.o)
    0x080062d8   0x080062d8   0x0000003a   Code   RO         5623    i.__hardfp_sqrtf    m_wm.l(sqrtf.o)
    0x08006312   0x08006312   0x00000006   Code   RO         5665    i.__mathlib_flt_infnan  m_wm.l(funder.o)
    0x08006318   0x08006318   0x00000010   Code   RO         5667    i.__mathlib_flt_invalid  m_wm.l(funder.o)
    0x08006328   0x08006328   0x00000010   Code   RO         5670    i.__mathlib_flt_underflow  m_wm.l(funder.o)
    0x08006338   0x08006338   0x00000154   Code   RO         5678    i.__mathlib_rredf2  m_wm.l(rredf.o)
    0x0800648c   0x0800648c   0x0000000e   Code   RO         5719    i.__scatterload_copy  mc_w.l(handlers.o)
    0x0800649a   0x0800649a   0x00000002   Code   RO         5720    i.__scatterload_null  mc_w.l(handlers.o)
    0x0800649c   0x0800649c   0x0000000e   Code   RO         5721    i.__scatterload_zeroinit  mc_w.l(handlers.o)
    0x080064aa   0x080064aa   0x00000002   PAD
    0x080064ac   0x080064ac   0x0000000c   Code   RO         5705    i.__set_errno       mc_w.l(errno.o)
    0x080064b8   0x080064b8   0x0000007c   Code   RO         5400    i.can_filter_init   ht03.o
    0x08006534   0x08006534   0x00000034   Code   RO         5401    i.float_to_uint     ht03.o
    0x08006568   0x08006568   0x000000a4   Code   RO           18    i.main              main.o
    0x0800660c   0x0800660c   0x0000001e   Code   RO         4691    i.osDelay           cmsis_os2.o
    0x0800662a   0x0800662a   0x00000002   PAD
    0x0800662c   0x0800662c   0x0000002c   Code   RO         4705    i.osKernelInitialize  cmsis_os2.o
    0x08006658   0x08006658   0x00000060   Code   RO         4708    i.osKernelStart     cmsis_os2.o
    0x080066b8   0x080066b8   0x000000b8   Code   RO         4750    i.osThreadNew       cmsis_os2.o
    0x08006770   0x08006770   0x0000007c   Code   RO         4125    i.prvAddCurrentTaskToDelayedList  tasks.o
    0x080067ec   0x080067ec   0x000000b8   Code   RO         4126    i.prvAddNewTaskToReadyList  tasks.o
    0x080068a4   0x080068a4   0x00000074   Code   RO         4501    i.prvCheckForValidListAndQueue  timers.o
    0x08006918   0x08006918   0x00000048   Code   RO         4127    i.prvCheckTasksWaitingTermination  tasks.o
    0x08006960   0x08006960   0x0000002a   Code   RO         3712    i.prvCopyDataFromQueue  queue.o
    0x0800698a   0x0800698a   0x0000007e   Code   RO         3713    i.prvCopyDataToQueue  queue.o
    0x08006a08   0x08006a08   0x00000050   Code   RO         4128    i.prvDeleteTCB      tasks.o
    0x08006a58   0x08006a58   0x00000028   Code   RO         4502    i.prvGetNextExpireTime  timers.o
    0x08006a80   0x08006a80   0x0000007c   Code   RO         5222    i.prvHeapInit       heap_4.o
    0x08006afc   0x08006afc   0x00000028   Code   RO         4129    i.prvIdleTask       tasks.o
    0x08006b24   0x08006b24   0x0000002a   Code   RO         3716    i.prvInitialiseNewQueue  queue.o
    0x08006b4e   0x08006b4e   0x000000be   Code   RO         4130    i.prvInitialiseNewTask  tasks.o
    0x08006c0c   0x08006c0c   0x00000068   Code   RO         4131    i.prvInitialiseTaskLists  tasks.o
    0x08006c74   0x08006c74   0x00000068   Code   RO         5223    i.prvInsertBlockIntoFreeList  heap_4.o
    0x08006cdc   0x08006cdc   0x00000058   Code   RO         4504    i.prvInsertTimerInActiveList  timers.o
    0x08006d34   0x08006d34   0x0000001a   Code   RO         3717    i.prvIsQueueEmpty   queue.o
    0x08006d4e   0x08006d4e   0x0000001e   Code   RO         3718    i.prvIsQueueFull    queue.o
    0x08006d6c   0x08006d6c   0x00000074   Code   RO         4505    i.prvProcessExpiredTimer  timers.o
    0x08006de0   0x08006de0   0x00000164   Code   RO         4506    i.prvProcessReceivedCommands  timers.o
    0x08006f44   0x08006f44   0x00000074   Code   RO         4507    i.prvProcessTimerOrBlockTask  timers.o
    0x08006fb8   0x08006fb8   0x00000034   Code   RO         4133    i.prvResetNextTaskUnblockTime  tasks.o
    0x08006fec   0x08006fec   0x0000002c   Code   RO         4508    i.prvSampleTimeNow  timers.o
    0x08007018   0x08007018   0x000000a4   Code   RO         4509    i.prvSwitchTimerLists  timers.o
    0x080070bc   0x080070bc   0x00000040   Code   RO         5278    i.prvTaskExitError  port.o
    0x080070fc   0x080070fc   0x0000001a   Code   RO         4510    i.prvTimerTask      timers.o
    0x08007116   0x08007116   0x0000007e   Code   RO         3719    i.prvUnlockQueue    queue.o
    0x08007194   0x08007194   0x0000014c   Code   RO         5224    i.pvPortMalloc      heap_4.o
    0x080072e0   0x080072e0   0x0000002c   Code   RO         5279    i.pxPortInitialiseStack  port.o
    0x0800730c   0x0800730c   0x0000003e   Code   RO         5625    i.sqrtf             m_wm.l(sqrtf.o)
    0x0800734a   0x0800734a   0x00000002   PAD
    0x0800734c   0x0800734c   0x000000c4   Code   RO         5545    i.uTm_x1            controller0.o
    0x08007410   0x08007410   0x00000148   Code   RO         5546    i.uTm_y2            controller0.o
    0x08007558   0x08007558   0x00000034   Code   RO         5402    i.uint_to_float     ht03.o
    0x0800758c   0x0800758c   0x00000168   Code   RO         5358    i.update_sbus       sbus.o
    0x080076f4   0x080076f4   0x00000028   Code   RO         3672    i.uxListRemove      list.o
    0x0800771c   0x0800771c   0x00000018   Code   RO         4762    i.vApplicationGetIdleTaskMemory  cmsis_os2.o
    0x08007734   0x08007734   0x00000018   Code   RO         4763    i.vApplicationGetTimerTaskMemory  cmsis_os2.o
    0x0800774c   0x0800774c   0x0000001a   Code   RO         3673    i.vListInitialise   list.o
    0x08007766   0x08007766   0x00000006   Code   RO         3674    i.vListInitialiseItem  list.o
    0x0800776c   0x0800776c   0x00000034   Code   RO         3675    i.vListInsert       list.o
    0x080077a0   0x080077a0   0x00000018   Code   RO         3676    i.vListInsertEnd    list.o
    0x080077b8   0x080077b8   0x00000054   Code   RO         5281    i.vPortEnterCritical  port.o
    0x0800780c   0x0800780c   0x0000003c   Code   RO         5282    i.vPortExitCritical  port.o
    0x08007848   0x08007848   0x000000a4   Code   RO         5225    i.vPortFree         heap_4.o
    0x080078ec   0x080078ec   0x00000028   Code   RO         5283    i.vPortSetupTimerInterrupt  port.o
    0x08007914   0x08007914   0x00000078   Code   RO         5284    i.vPortValidateInterruptPriority  port.o
    0x0800798c   0x0800798c   0x0000002c   Code   RO         3725    i.vQueueAddToRegistry  queue.o
    0x080079b8   0x080079b8   0x0000004a   Code   RO         3729    i.vQueueWaitForMessageRestricted  queue.o
    0x08007a02   0x08007a02   0x00000002   PAD
    0x08007a04   0x08007a04   0x0000005c   Code   RO         4146    i.vTaskDelay        tasks.o
    0x08007a60   0x08007a60   0x00000018   Code   RO         4151    i.vTaskInternalSetTimeOutState  tasks.o
    0x08007a78   0x08007a78   0x0000000c   Code   RO         4152    i.vTaskMissedYield  tasks.o
    0x08007a84   0x08007a84   0x00000038   Code   RO         4154    i.vTaskPlaceOnEventList  tasks.o
    0x08007abc   0x08007abc   0x00000040   Code   RO         4155    i.vTaskPlaceOnEventListRestricted  tasks.o
    0x08007afc   0x08007afc   0x000000b8   Code   RO         4163    i.vTaskStartScheduler  tasks.o
    0x08007bb4   0x08007bb4   0x00000010   Code   RO         4165    i.vTaskSuspendAll   tasks.o
    0x08007bc4   0x08007bc4   0x00000090   Code   RO         4166    i.vTaskSwitchContext  tasks.o
    0x08007c54   0x08007c54   0x00000168   Code   RO         5285    i.xPortStartScheduler  port.o
    0x08007dbc   0x08007dbc   0x00000034   Code   RO         5286    i.xPortSysTickHandler  port.o
    0x08007df0   0x08007df0   0x000000e0   Code   RO         3735    i.xQueueGenericCreateStatic  queue.o
    0x08007ed0   0x08007ed0   0x00000098   Code   RO         3736    i.xQueueGenericReset  queue.o
    0x08007f68   0x08007f68   0x000001a8   Code   RO         3737    i.xQueueGenericSend  queue.o
    0x08008110   0x08008110   0x000000fc   Code   RO         3738    i.xQueueGenericSendFromISR  queue.o
    0x0800820c   0x0800820c   0x00000168   Code   RO         3747    i.xQueueReceive     queue.o
    0x08008374   0x08008374   0x0000008c   Code   RO         4168    i.xTaskCheckForTimeOut  tasks.o
    0x08008400   0x08008400   0x00000064   Code   RO         4169    i.xTaskCreate       tasks.o
    0x08008464   0x08008464   0x000000ba   Code   RO         4170    i.xTaskCreateStatic  tasks.o
    0x0800851e   0x0800851e   0x00000002   PAD
    0x08008520   0x08008520   0x00000020   Code   RO         4174    i.xTaskGetSchedulerState  tasks.o
    0x08008540   0x08008540   0x0000000c   Code   RO         4175    i.xTaskGetTickCount  tasks.o
    0x0800854c   0x0800854c   0x00000144   Code   RO         4177    i.xTaskIncrementTick  tasks.o
    0x08008690   0x08008690   0x000000a4   Code   RO         4180    i.xTaskPriorityDisinherit  tasks.o
    0x08008734   0x08008734   0x00000098   Code   RO         4182    i.xTaskRemoveFromEventList  tasks.o
    0x080087cc   0x080087cc   0x00000104   Code   RO         4183    i.xTaskResumeAll    tasks.o
    0x080088d0   0x080088d0   0x00000078   Code   RO         4519    i.xTimerCreateTimerTask  timers.o
    0x08008948   0x08008948   0x00000084   Code   RO         4520    i.xTimerGenericCommand  timers.o
    0x080089cc   0x080089cc   0x00000090   Data   RO          362    .constdata          freertos.o
    0x08008a5c   0x08008a5c   0x00000008   Data   RO         1465    .constdata          stm32f4xx_hal_dma.o
    0x08008a64   0x08008a64   0x00000018   Data   RO         3481    .constdata          system_stm32f4xx.o
    0x08008a7c   0x08008a7c   0x00000020   Data   RO         5679    .constdata          m_wm.l(rredf.o)
    0x08008a9c   0x08008a9c   0x00000032   Data   RO          363    .conststring        freertos.o
    0x08008ace   0x08008ace   0x00000002   PAD
    0x08008ad0   0x08008ad0   0x00000020   Data   RO         5717    Region$$Table       anon$$obj.o


    Execution Region RW_IRAM1 (Exec base: 0x20000000, Load base: 0x08008af0, Size: 0x00005590, Max: 0x0001c000, ABSOLUTE)

    Exec Addr    Load Addr    Size         Type   Attr      Idx    E Section Name        Object

    0x20000000   0x08008af0   0x00000020   Data   RW           20    .data               main.o
    0x20000020   0x08008b10   0x00000014   Data   RW          364    .data               freertos.o
    0x20000034   0x08008b24   0x00000004   Data   RW          424    .data               can.o
    0x20000038   0x08008b28   0x00000009   Data   RW         1897    .data               stm32f4xx_hal.o
    0x20000041   0x08008b31   0x00000003   PAD
    0x20000044   0x08008b34   0x00000004   Data   RW         3482    .data               system_stm32f4xx.o
    0x20000048   0x08008b38   0x0000003c   Data   RW         4186    .data               tasks.o
    0x20000084   0x08008b74   0x00000014   Data   RW         4528    .data               timers.o
    0x20000098   0x08008b88   0x00000004   Data   RW         4765    .data               cmsis_os2.o
    0x2000009c   0x08008b8c   0x00000020   Data   RW         5231    .data               heap_4.o
    0x200000bc   0x08008bac   0x0000000c   Data   RW         5287    .data               port.o
    0x200000c8   0x08008bb8   0x00000019   Data   RW         5404    .data               ht03.o
    0x200000e1   0x08008bd1   0x00000003   PAD
    0x200000e4   0x08008bd4   0x00000004   Data   RW         5706    .data               mc_w.l(errno.o)
    0x200000e8        -       0x00000040   Zero   RW           19    .bss                main.o
    0x20000128        -       0x0000045c   Zero   RW          361    .bss                freertos.o
    0x20000584        -       0x00000050   Zero   RW          423    .bss                can.o
    0x200005d4        -       0x000000e8   Zero   RW          499    .bss                usart.o
    0x200006bc        -       0x00000048   Zero   RW          676    .bss                stm32f4xx_hal_timebase_tim.o
    0x20000704        -       0x00000040   Zero   RW         3751    .bss                queue.o
    0x20000744        -       0x000004c4   Zero   RW         4185    .bss                tasks.o
    0x20000c08        -       0x00000118   Zero   RW         4527    .bss                timers.o
    0x20000d20        -       0x000006b8   Zero   RW         4764    .bss                cmsis_os2.o
    0x200013d8        -       0x00003c00   Zero   RW         5230    .bss                heap_4.o
    0x20004fd8        -       0x00000054   Zero   RW         5359    .bss                sbus.o
    0x2000502c        -       0x00000080   Zero   RW         5403    .bss                ht03.o
    0x200050ac        -       0x00000090   Zero   RW         5479    .bss                impulse.o
    0x2000513c        -       0x00000050   Zero   RW         5547    .bss                controller0.o
    0x2000518c   0x08008bd8   0x00000004   PAD
    0x20005190        -       0x00000400   Zero   RW            1    STACK               startup_stm32f407xx.o


    Execution Region RW_IRAM2 (Exec base: 0x2001c000, Load base: 0x08008bd8, Size: 0x00000000, Max: 0x00004000, ABSOLUTE)

    **** No section assigned to this execution region ****


==============================================================================

Image component sizes


      Code (inc. data)   RO Data    RW Data    ZI Data      Debug   Object Name

       528         40          0          4         80       2546   can.o
       430         38          0          4       1720      65203   cmsis_os2.o
      1618         86          0          0         80       5402   controller0.o
         0          0          0          0          0       7096   croutine.o
        56          4          0          0          0        794   dma.o
         0          0          0          0          0      19524   event_groups.o
      1594        158        194         20       1116       4752   freertos.o
       160          4          0          0          0     697203   gpio.o
       724         74          0         32      15360       4955   heap_4.o
      2922        114          0         25        128       8433   ht03.o
      4632         46          0          0        144       5057   impulse.o
       148          0          0          0          0       3654   list.o
       526         54          0         32         64     697368   main.o
      1014         92          0         12          0      11873   port.o
      1922         20          0          0         64      17628   queue.o
       360          6          0          0         84       2110   sbus.o
        36          8        392          0       1024        852   startup_stm32f407xx.o
       136         24          0          9          0       8822   stm32f4xx_hal.o
      2134          6          0          0          0      14603   stm32f4xx_hal_can.o
       252         22          0          0          0      33762   stm32f4xx_hal_cortex.o
      1436         16          8          0          0       7154   stm32f4xx_hal_dma.o
       500         46          0          0          0       1484   stm32f4xx_hal_gpio.o
        84          6          0          0          0        890   stm32f4xx_hal_msp.o
      1888         94          0          0          0       6385   stm32f4xx_hal_rcc.o
       902         76          0          0          0       6602   stm32f4xx_hal_tim.o
         4          0          0          0          0       1609   stm32f4xx_hal_tim_ex.o
       180         20          0          0         72       1511   stm32f4xx_hal_timebase_tim.o
      2658         26          0          0          0      15761   stm32f4xx_hal_uart.o
       154         48          0          0          0       7002   stm32f4xx_it.o
         0          0          0          0          0        392   stream_buffer.o
        20          6         24          4          0       1175   system_stm32f4xx.o
      2808        346          0         60       1220      27822   tasks.o
      1318        124          0         20        280      33127   timers.o
       544         60          0          0        232       2607   usart.o

    ----------------------------------------------------------------------
     31720       1664        652        228      21672    1725158   Object Totals
         0          0         32          0          0          0   (incl. Generated)
        32          0          2          6          4          0   (incl. Padding)

    ----------------------------------------------------------------------

      Code (inc. data)   RO Data    RW Data    ZI Data      Debug   Library Member Name

       280         46          0          0          0        176   acosf.o
       300         42          0          0          0        176   asinf.o
        38          0          0          0          0        116   fpclassifyf.o
        38         12          0          0          0        348   funder.o
       340         24         32          0          0        160   rredf.o
       400         56          0          0          0        212   sinf.o
       120          0          0          0          0        272   sqrtf.o
         0          0          0          0          0          0   entry.o
         0          0          0          0          0          0   entry10a.o
         0          0          0          0          0          0   entry11a.o
         4          0          0          0          0          0   entry12b.o
         8          4          0          0          0          0   entry2.o
         4          0          0          0          0          0   entry5.o
         0          0          0          0          0          0   entry7b.o
         0          0          0          0          0          0   entry8b.o
         8          4          0          0          0          0   entry9a.o
        12          6          0          4          0         68   errno.o
        30          0          0          0          0          0   handlers.o
        36          8          0          0          0         68   init.o
         0          0          0          0          0          0   iusefp.o
        30          0          0          0          0         68   llshl.o
        36          0          0          0          0         68   llsshr.o
        32          0          0          0          0         68   llushr.o
        36          0          0          0          0         68   memcpya.o
        36          0          0          0          0        108   memseta.o
        98          0          0          0          0         92   uldiv.o
        48          0          0          0          0         68   cdcmple.o
        48          0          0          0          0         68   cdrcmple.o
        56          0          0          0          0         88   d2f.o
       334          0          0          0          0        148   dadd.o
       222          0          0          0          0        100   ddiv.o
       186          0          0          0          0        176   depilogue.o
       228          0          0          0          0         96   dmul.o
        38          0          0          0          0         68   f2d.o
       110          0          0          0          0        168   fepilogue.o

    ----------------------------------------------------------------------
      3164        202         32          4          0       3048   Library Totals
         8          0          0          0          0          0   (incl. Padding)

    ----------------------------------------------------------------------

      Code (inc. data)   RO Data    RW Data    ZI Data      Debug   Library Name

      1516        180         32          0          0       1460   m_wm.l
       370         22          0          4          0        608   mc_w.l
      1270          0          0          0          0        980   mf_w.l

    ----------------------------------------------------------------------
      3164        202         32          4          0       3048   Library Totals

    ----------------------------------------------------------------------

==============================================================================


      Code (inc. data)   RO Data    RW Data    ZI Data      Debug   

     34884       1866        684        232      21672    1707282   Grand Totals
     34884       1866        684        232      21672    1707282   ELF Image Totals
     34884       1866        684        232          0          0   ROM Totals

==============================================================================

    Total RO  Size (Code + RO Data)                35568 (  34.73kB)
    Total RW  Size (RW Data + ZI Data)             21904 (  21.39kB)
    Total ROM Size (Code + RO Data + RW Data)      35800 (  34.96kB)

==============================================================================

